Archive member included to satisfy reference by file (symbol)

Middlewares/ST/touchgfx/lib/core/cortex_m4f/gcc\libtouchgfx-float-abi-hard.a(AbstractPartition.o)
                              TouchGFX/build/STM32F429IDISCO/TouchGFX/target/generated/TouchGFXConfiguration.o (touchgfx::AbstractPartition::getAllocationCount() const)
Middlewares/ST/touchgfx/lib/core/cortex_m4f/gcc\libtouchgfx-float-abi-hard.a(Container.o)
                              TouchGFX/build/STM32F429IDISCO/TouchGFX/gui/src/containers/CustomContainer1.o (touchgfx::Container::contains(touchgfx::Drawable const&))
Middlewares/ST/touchgfx/lib/core/cortex_m4f/gcc\libtouchgfx-float-abi-hard.a(HAL.o)
                              TouchGFX/build/STM32F429IDISCO/TouchGFX/target/generated/TouchGFXGeneratedHAL.o (touchgfx::HAL::drawDrawableInDynamicBitmap(touchgfx::Drawable&, unsigned short))
Middlewares/ST/touchgfx/lib/core/cortex_m4f/gcc\libtouchgfx-float-abi-hard.a(DMA.o)
                              TouchGFX/build/STM32F429IDISCO/TouchGFX/target/generated/STM32DMA.o (touchgfx::DMA_Interface::seedExecution())
Middlewares/ST/touchgfx/lib/core/cortex_m4f/gcc\libtouchgfx-float-abi-hard.a(PainterRGB565LinearGradient.o)
                              TouchGFX/build/STM32F429IDISCO/TouchGFX/target/generated/TouchGFXGeneratedHAL.o (vtable for touchgfx::PainterRGB565LinearGradient)
Middlewares/ST/touchgfx/lib/core/cortex_m4f/gcc\libtouchgfx-float-abi-hard.a(PainterRGB565.o)
                              TouchGFX/build/STM32F429IDISCO/TouchGFX/target/generated/TouchGFXGeneratedHAL.o (vtable for touchgfx::PainterRGB565)
Middlewares/ST/touchgfx/lib/core/cortex_m4f/gcc\libtouchgfx-float-abi-hard.a(CWRVectorRenderer.o)
                              TouchGFX/build/STM32F429IDISCO/TouchGFX/target/generated/TouchGFXGeneratedHAL.o (touchgfx::CWRVectorRenderer::tearDown())
Middlewares/ST/touchgfx/lib/core/cortex_m4f/gcc\libtouchgfx-float-abi-hard.a(CanvasWidget.o)
                              TouchGFX/build/STM32F429IDISCO/TouchGFX/target/generated/TouchGFXGeneratedHAL.o (touchgfx::CanvasWidget::draw(touchgfx::Rect const&) const)
Middlewares/ST/touchgfx/lib/core/cortex_m4f/gcc\libtouchgfx-float-abi-hard.a(TextArea.o)
                              TouchGFX/build/STM32F429IDISCO/TouchGFX/generated/gui_generated/src/screen1_screen/Screen1ViewBase.o (touchgfx::TextArea::calculateBoundingArea() const)
Middlewares/ST/touchgfx/lib/core/cortex_m4f/gcc\libtouchgfx-float-abi-hard.a(Box.o)
                              TouchGFX/build/STM32F429IDISCO/TouchGFX/generated/gui_generated/src/screen1_screen/Screen1ViewBase.o (vtable for touchgfx::Box)
Middlewares/ST/touchgfx/lib/core/cortex_m4f/gcc\libtouchgfx-float-abi-hard.a(Button.o)
                              TouchGFX/build/STM32F429IDISCO/TouchGFX/generated/gui_generated/src/screen1_screen/Screen1ViewBase.o (touchgfx::Button::setBitmaps(touchgfx::Bitmap const&, touchgfx::Bitmap const&))
Middlewares/ST/touchgfx/lib/core/cortex_m4f/gcc\libtouchgfx-float-abi-hard.a(Image.o)
                              TouchGFX/build/STM32F429IDISCO/TouchGFX/generated/gui_generated/src/screen1_screen/Screen1ViewBase.o (touchgfx::Image::setBitmap(touchgfx::Bitmap const&))
Middlewares/ST/touchgfx/lib/core/cortex_m4f/gcc\libtouchgfx-float-abi-hard.a(ButtonWithLabel.o)
                              TouchGFX/build/STM32F429IDISCO/TouchGFX/generated/gui_generated/src/screen1_screen/Screen1ViewBase.o (touchgfx::ButtonWithLabel::ButtonWithLabel())
Middlewares/ST/touchgfx/lib/core/cortex_m4f/gcc\libtouchgfx-float-abi-hard.a(Outline.o)
                              Middlewares/ST/touchgfx/lib/core/cortex_m4f/gcc\libtouchgfx-float-abi-hard.a(CWRVectorRenderer.o) (touchgfx::Outline::~Outline())
Middlewares/ST/touchgfx/lib/core/cortex_m4f/gcc\libtouchgfx-float-abi-hard.a(CanvasWidgetRenderer.o)
                              Middlewares/ST/touchgfx/lib/core/cortex_m4f/gcc\libtouchgfx-float-abi-hard.a(Outline.o) (touchgfx::CanvasWidgetRenderer::getOutlineBuffer())
Middlewares/ST/touchgfx/lib/core/cortex_m4f/gcc\libtouchgfx-float-abi-hard.a(LCD.o)
                              Middlewares/ST/touchgfx/lib/core/cortex_m4f/gcc\libtouchgfx-float-abi-hard.a(TextArea.o) (touchgfx::LCD::stringWidth(touchgfx::TextProvider&, touchgfx::Font const&, int, unsigned char))
Middlewares/ST/touchgfx/lib/core/cortex_m4f/gcc\libtouchgfx-float-abi-hard.a(TouchCalibration.o)
                              Middlewares/ST/touchgfx/lib/core/cortex_m4f/gcc\libtouchgfx-float-abi-hard.a(HAL.o) (touchgfx::TouchCalibration::translatePoint(touchgfx::Point&))
Middlewares/ST/touchgfx/lib/core/cortex_m4f/gcc\libtouchgfx-float-abi-hard.a(DisplayTransformation.o)
                              Middlewares/ST/touchgfx/lib/core/cortex_m4f/gcc\libtouchgfx-float-abi-hard.a(HAL.o) (touchgfx::DisplayTransformation::transformFrameBufferToDisplay(short&, short&))
Middlewares/ST/touchgfx/lib/core/cortex_m4f/gcc\libtouchgfx-float-abi-hard.a(Application.o)
[...]
Memory Configuration

Name             Origin             Length             Attributes
CCMRAM           0x10000000         0x00010000         xrw
RAM              0x20000000         0x00030000         xrw
FLASH            0x08000000         0x00200000         xr
SDRAM            0xd0000000         0x00800000         xrw
*default*        0x00000000         0xffffffff

Linker script and memory map

LOAD p:/touchgfx/4.25.0/env/mingw/msys/1.0/gnu-arm-gcc/bin/../lib/gcc/arm-none-eabi/7.3.1/thumb/v7e-m/fpv4-sp/hard/crti.o
LOAD p:/touchgfx/4.25.0/env/mingw/msys/1.0/gnu-arm-gcc/bin/../lib/gcc/arm-none-eabi/7.3.1/thumb/v7e-m/fpv4-sp/hard/crtbegin.o
LOAD p:/touchgfx/4.25.0/env/mingw/msys/1.0/gnu-arm-gcc/bin/../lib/gcc/arm-none-eabi/7.3.1/../../../../arm-none-eabi/lib/thumb/v7e-m/fpv4-sp/hard/crt0.o
LOAD TouchGFX/build/STM32F429IDISCO/TouchGFX/gui/src/containers/CustomContainer1.o
LOAD TouchGFX/build/STM32F429IDISCO/TouchGFX/gui/src/screen1_screen/Screen1Presenter.o
LOAD TouchGFX/build/STM32F429IDISCO/TouchGFX/gui/src/screen1_screen/Screen1View.o
LOAD TouchGFX/build/STM32F429IDISCO/TouchGFX/gui/src/model/Model.o
LOAD TouchGFX/build/STM32F429IDISCO/TouchGFX/gui/src/common/FrontendApplication.o
LOAD TouchGFX/build/STM32F429IDISCO/TouchGFX/generated/gui_generated/src/containers/CustomContainer1Base.o
LOAD TouchGFX/build/STM32F429IDISCO/TouchGFX/generated/gui_generated/src/screen1_screen/Screen1ViewBase.o
LOAD TouchGFX/build/STM32F429IDISCO/TouchGFX/generated/gui_generated/src/common/FrontendApplicationBase.o
LOAD TouchGFX/build/STM32F429IDISCO/TouchGFX/generated/fonts/src/Font_verdana_40_4bpp_0.o
LOAD TouchGFX/build/STM32F429IDISCO/TouchGFX/generated/fonts/src/Font_verdana_20_4bpp_0.o
LOAD TouchGFX/build/STM32F429IDISCO/TouchGFX/generated/fonts/src/GeneratedFont.o
LOAD TouchGFX/build/STM32F429IDISCO/TouchGFX/generated/fonts/src/UnmappedDataFont.o
LOAD TouchGFX/build/STM32F429IDISCO/TouchGFX/generated/fonts/src/CompressedUnmappedFontCache.o
LOAD TouchGFX/build/STM32F429IDISCO/TouchGFX/generated/fonts/src/CompressedFontCache.o
LOAD TouchGFX/build/STM32F429IDISCO/TouchGFX/generated/fonts/src/Kerning_verdana_40_4bpp.o
LOAD TouchGFX/build/STM32F429IDISCO/TouchGFX/generated/fonts/src/Table_verdana_10_4bpp.o
LOAD TouchGFX/build/STM32F429IDISCO/TouchGFX/generated/fonts/src/Kerning_verdana_10_4bpp.o
LOAD TouchGFX/build/STM32F429IDISCO/TouchGFX/generated/fonts/src/Kerning_verdana_20_4bpp.o
LOAD TouchGFX/build/STM32F429IDISCO/TouchGFX/generated/fonts/src/FontCache.o
LOAD TouchGFX/build/STM32F429IDISCO/TouchGFX/generated/fonts/src/Font_verdana_10_4bpp_0.o
LOAD TouchGFX/build/STM32F429IDISCO/TouchGFX/generated/fonts/src/VectorFontRendererBuffers.o
LOAD TouchGFX/build/STM32F429IDISCO/TouchGFX/generated/fonts/src/Table_verdana_40_4bpp.o
LOAD TouchGFX/build/STM32F429IDISCO/TouchGFX/generated/fonts/src/CachedFont.o
LOAD TouchGFX/build/STM32F429IDISCO/TouchGFX/generated/fonts/src/Table_verdana_20_4bpp.o
LOAD TouchGFX/build/STM32F429IDISCO/TouchGFX/generated/fonts/src/ApplicationFontProvider.o
LOAD TouchGFX/build/STM32F429IDISCO/TouchGFX/generated/images/src/__generated/image_alternate_theme_images_widgets_button_regular_height_50_tiny_round_active.o
LOAD TouchGFX/build/STM32F429IDISCO/TouchGFX/generated/images/src/__generated/image_alternate_theme_images_widgets_button_regular_height_50_tiny_round_action.o
LOAD TouchGFX/build/STM32F429IDISCO/TouchGFX/generated/images/src/SVGDatabase.o
LOAD TouchGFX/build/STM32F429IDISCO/TouchGFX/generated/images/src/BitmapDatabase.o
LOAD TouchGFX/build/STM32F429IDISCO/TouchGFX/generated/images/src/image_light_off.o
LOAD TouchGFX/build/STM32F429IDISCO/TouchGFX/generated/images/src/image_light_on.o
LOAD TouchGFX/build/STM32F429IDISCO/TouchGFX/generated/texts/src/LanguageGb.o
LOAD TouchGFX/build/STM32F429IDISCO/TouchGFX/generated/texts/src/TypedTextDatabase.o
LOAD TouchGFX/build/STM32F429IDISCO/TouchGFX/generated/texts/src/Texts.o
LOAD TouchGFX/build/STM32F429IDISCO/TouchGFX/target/generated/TouchGFXGeneratedHAL.o
LOAD TouchGFX/build/STM32F429IDISCO/TouchGFX/target/generated/STM32DMA.o
LOAD TouchGFX/build/STM32F429IDISCO/TouchGFX/target/generated/OSWrappers.o
LOAD TouchGFX/build/STM32F429IDISCO/TouchGFX/target/generated/TouchGFXConfiguration.o
LOAD TouchGFX/build/STM32F429IDISCO/TouchGFX/target/TouchGFXHAL.o
LOAD TouchGFX/build/STM32F429IDISCO/TouchGFX/target/TouchGFXGPIO.o
LOAD TouchGFX/build/STM32F429IDISCO/TouchGFX/target/STM32TouchController.o
LOAD TouchGFX/build/STM32F429IDISCO/Core/Src/system_stm32f4xx.o
LOAD TouchGFX/build/STM32F429IDISCO/Core/Src/stm32f4xx_hal_timebase_tim.o
LOAD TouchGFX/build/STM32F429IDISCO/Core/Src/main.o
LOAD TouchGFX/build/STM32F429IDISCO/Core/Src/stm32f4xx_it.o
LOAD TouchGFX/build/STM32F429IDISCO/Core/Src/stm32f4xx_hal_msp.o
LOAD TouchGFX/build/STM32F429IDISCO/Core/Src/freertos.o
LOAD TouchGFX/build/STM32F429IDISCO/Drivers/STM32F4xx_HAL_Driver/Src/stm32f4xx_hal_pwr_ex.o
LOAD TouchGFX/build/STM32F429IDISCO/Drivers/STM32F4xx_HAL_Driver/Src/stm32f4xx_hal_sdram.o
LOAD TouchGFX/build/STM32F429IDISCO/Drivers/STM32F4xx_HAL_Driver/Src/stm32f4xx_hal_flash.o
LOAD TouchGFX/build/STM32F429IDISCO/Drivers/STM32F4xx_HAL_Driver/Src/stm32f4xx_hal_rcc.o
LOAD TouchGFX/build/STM32F429IDISCO/Drivers/STM32F4xx_HAL_Driver/Src/stm32f4xx_hal_sram.o
LOAD TouchGFX/build/STM32F429IDISCO/Drivers/STM32F4xx_HAL_Driver/Src/stm32f4xx_hal_dma_ex.o
LOAD TouchGFX/build/STM32F429IDISCO/Drivers/STM32F4xx_HAL_Driver/Src/stm32f4xx_hal_tim.o
LOAD TouchGFX/build/STM32F429IDISCO/Drivers/STM32F4xx_HAL_Driver/Src/stm32f4xx_hal_i2c.o
LOAD TouchGFX/build/STM32F429IDISCO/Drivers/STM32F4xx_HAL_Driver/Src/stm32f4xx_hal_nor.o
LOAD TouchGFX/build/STM32F429IDISCO/Drivers/STM32F4xx_HAL_Driver/Src/stm32f4xx_hal_flash_ex.o
LOAD TouchGFX/build/STM32F429IDISCO/Drivers/STM32F4xx_HAL_Driver/Src/stm32f4xx_hal_nand.o
LOAD TouchGFX/build/STM32F429IDISCO/Drivers/STM32F4xx_HAL_Driver/Src/stm32f4xx_hal_dma.o
LOAD TouchGFX/build/STM32F429IDISCO/Drivers/STM32F4xx_HAL_Driver/Src/stm32f4xx_hal_i2c_ex.o
LOAD TouchGFX/build/STM32F429IDISCO/Drivers/STM32F4xx_HAL_Driver/Src/stm32f4xx_hal_tim_ex.o
LOAD TouchGFX/build/STM32F429IDISCO/Drivers/STM32F4xx_HAL_Driver/Src/stm32f4xx_hal_cortex.o
LOAD TouchGFX/build/STM32F429IDISCO/Drivers/STM32F4xx_HAL_Driver/Src/stm32f4xx_hal_ltdc_ex.o
LOAD TouchGFX/build/STM32F429IDISCO/Drivers/STM32F4xx_HAL_Driver/Src/stm32f4xx_ll_fmc.o
LOAD TouchGFX/build/STM32F429IDISCO/Drivers/STM32F4xx_HAL_Driver/Src/stm32f4xx_hal_exti.o
LOAD TouchGFX/build/STM32F429IDISCO/Drivers/STM32F4xx_HAL_Driver/Src/stm32f4xx_hal_pccard.o
LOAD TouchGFX/build/STM32F429IDISCO/Drivers/STM32F4xx_HAL_Driver/Src/stm32f4xx_hal_gpio.o
LOAD TouchGFX/build/STM32F429IDISCO/Drivers/STM32F4xx_HAL_Driver/Src/stm32f4xx_hal_spi.o
LOAD TouchGFX/build/STM32F429IDISCO/Drivers/STM32F4xx_HAL_Driver/Src/stm32f4xx_hal_dma2d.o
LOAD TouchGFX/build/STM32F429IDISCO/Drivers/STM32F4xx_HAL_Driver/Src/stm32f4xx_hal_flash_ramfunc.o
LOAD TouchGFX/build/STM32F429IDISCO/Drivers/STM32F4xx_HAL_Driver/Src/stm32f4xx_hal_ltdc.o
LOAD TouchGFX/build/STM32F429IDISCO/Drivers/STM32F4xx_HAL_Driver/Src/stm32f4xx_hal_pwr.o
LOAD TouchGFX/build/STM32F429IDISCO/Drivers/STM32F4xx_HAL_Driver/Src/stm32f4xx_hal.o
LOAD TouchGFX/build/STM32F429IDISCO/Drivers/STM32F4xx_HAL_Driver/Src/stm32f4xx_hal_rcc_ex.o
LOAD TouchGFX/build/STM32F429IDISCO/Drivers/STM32F4xx_HAL_Driver/Src/stm32f4xx_hal_dsi.o
LOAD TouchGFX/build/STM32F429IDISCO/Drivers/STM32F4xx_HAL_Driver/Src/stm32f4xx_hal_crc.o
LOAD TouchGFX/build/STM32F429IDISCO/TouchGFX/App/app_touchgfx.o
LOAD TouchGFX/build/STM32F429IDISCO/Middlewares/Third_Party/FreeRTOS/Source/croutine.o
LOAD TouchGFX/build/STM32F429IDISCO/Middlewares/Third_Party/FreeRTOS/Source/list.o
LOAD TouchGFX/build/STM32F429IDISCO/Middlewares/Third_Party/FreeRTOS/Source/queue.o
LOAD TouchGFX/build/STM32F429IDISCO/Middlewares/Third_Party/FreeRTOS/Source/tasks.o
LOAD TouchGFX/build/STM32F429IDISCO/Middlewares/Third_Party/FreeRTOS/Source/timers.o
LOAD TouchGFX/build/STM32F429IDISCO/Middlewares/Third_Party/FreeRTOS/Source/CMSIS_RTOS_V2/cmsis_os2.o
LOAD TouchGFX/build/STM32F429IDISCO/gcc/Middlewares/Third_Party/FreeRTOS/Source/portable/MemMang/heap_4.o
LOAD TouchGFX/build/STM32F429IDISCO/gcc/Middlewares/Third_Party/FreeRTOS/Source/portable/GCC/ARM_CM4F/port.o
LOAD TouchGFX/build/STM32F429IDISCO/Drivers/BSP/Components/stmpe811/stmpe811.o
LOAD TouchGFX/build/STM32F429IDISCO/Drivers/BSP/Components/ili9341/ili9341.o
LOAD TouchGFX/build/STM32F429IDISCO/gcc/startup_stm32f429zitx.o
START GROUP
LOAD Middlewares/ST/touchgfx/lib/core/cortex_m4f/gcc\libtouchgfx-float-abi-hard.a
END GROUP
LOAD p:/touchgfx/4.25.0/env/mingw/msys/1.0/gnu-arm-gcc/bin/../lib/gcc/arm-none-eabi/7.3.1/../../../../arm-none-eabi/lib/thumb/v7e-m/fpv4-sp/hard\libstdc++_nano.a
LOAD p:/touchgfx/4.25.0/env/mingw/msys/1.0/gnu-arm-gcc/bin/../lib/gcc/arm-none-eabi/7.3.1/../../../../arm-none-eabi/lib/thumb/v7e-m/fpv4-sp/hard\libm.a
START GROUP
LOAD p:/touchgfx/4.25.0/env/mingw/msys/1.0/gnu-arm-gcc/bin/../lib/gcc/arm-none-eabi/7.3.1/thumb/v7e-m/fpv4-sp/hard\libgcc.a
LOAD p:/touchgfx/4.25.0/env/mingw/msys/1.0/gnu-arm-gcc/bin/../lib/gcc/arm-none-eabi/7.3.1/../../../../arm-none-eabi/lib/thumb/v7e-m/fpv4-sp/hard\libc_nano.a
END GROUP
START GROUP
LOAD p:/touchgfx/4.25.0/env/mingw/msys/1.0/gnu-arm-gcc/bin/../lib/gcc/arm-none-eabi/7.3.1/thumb/v7e-m/fpv4-sp/hard\libgcc.a
LOAD p:/touchgfx/4.25.0/env/mingw/msys/1.0/gnu-arm-gcc/bin/../lib/gcc/arm-none-eabi/7.3.1/../../../../arm-none-eabi/lib/thumb/v7e-m/fpv4-sp/hard\libc_nano.a
LOAD p:/touchgfx/4.25.0/env/mingw/msys/1.0/gnu-arm-gcc/bin/../lib/gcc/arm-none-eabi/7.3.1/../../../../arm-none-eabi/lib/thumb/v7e-m/fpv4-sp/hard\libnosys.a
END GROUP
START GROUP
LOAD p:/touchgfx/4.25.0/env/mingw/msys/1.0/gnu-arm-gcc/bin/../lib/gcc/arm-none-eabi/7.3.1/thumb/v7e-m/fpv4-sp/hard\libgcc.a
LOAD p:/touchgfx/4.25.0/env/mingw/msys/1.0/gnu-arm-gcc/bin/../lib/gcc/arm-none-eabi/7.3.1/../../../../arm-none-eabi/lib/thumb/v7e-m/fpv4-sp/hard\libc_nano.a
LOAD p:/touchgfx/4.25.0/env/mingw/msys/1.0/gnu-arm-gcc/bin/../lib/gcc/arm-none-eabi/7.3.1/../../../../arm-none-eabi/lib/thumb/v7e-m/fpv4-sp/hard\libnosys.a
END GROUP
LOAD p:/touchgfx/4.25.0/env/mingw/msys/1.0/gnu-arm-gcc/bin/../lib/gcc/arm-none-eabi/7.3.1/thumb/v7e-m/fpv4-sp/hard/crtend.o
LOAD p:/touchgfx/4.25.0/env/mingw/msys/1.0/gnu-arm-gcc/bin/../lib/gcc/arm-none-eabi/7.3.1/thumb/v7e-m/fpv4-sp/hard/crtn.o
                0x20030000                _estack = (ORIGIN (RAM) + LENGTH (RAM))
                0x00000200                _Min_Heap_Size = 0x200
                0x00000400                _Min_Stack_Size = 0x400

.isr_vector     0x08000000      0x1ac
                0x08000000                . = ALIGN (0x4)
 *(.isr_vector)
 .isr_vector    0x08000000      0x1ac TouchGFX/build/STM32F429IDISCO/gcc/startup_stm32f429zitx.o
                0x08000000                g_pfnVectors
                0x080001ac                . = ALIGN (0x4)

.text           0x080001b0    0x22b08
                0x080001b0                . = ALIGN (0x4)
 *(.text)
 .text          0x080001b0       0x40 p:/touchgfx/4.25.0/env/mingw/msys/1.0/gnu-arm-gcc/bin/../lib/gcc/arm-none-eabi/7.3.1/thumb/v7e-m/fpv4-sp/hard/crtbegin.o
 .text          0x080001f0      0x378 p:/touchgfx/4.25.0/env/mingw/msys/1.0/gnu-arm-gcc/bin/../lib/gcc/arm-none-eabi/7.3.1/thumb/v7e-m/fpv4-sp/hard\libgcc.a(_arm_addsubdf3.o)
                0x080001f0                __aeabi_drsub
                0x080001f8                __aeabi_dsub
                0x080001f8                __subdf3
                0x080001fc                __aeabi_dadd
                0x080001fc                __adddf3
                0x08000474                __floatunsidf
                0x08000474                __aeabi_ui2d
                0x08000494                __floatsidf
                0x08000494                __aeabi_i2d
                0x080004b8                __aeabi_f2d
                0x080004b8                __extendsfdf2
                0x080004fc                __floatundidf
                0x080004fc                __aeabi_ul2d
                0x0800050c                __floatdidf
                0x0800050c                __aeabi_l2d
 .text          0x08000568      0x424 p:/touchgfx/4.25.0/env/mingw/msys/1.0/gnu-arm-gcc/bin/../lib/gcc/arm-none-eabi/7.3.1/thumb/v7e-m/fpv4-sp/hard\libgcc.a(_arm_muldivdf3.o)
                0x08000568                __aeabi_dmul
                0x08000568                __muldf3
                0x080007bc                __divdf3
                0x080007bc                __aeabi_ddiv
 .text          0x0800098c       0xa0 p:/touchgfx/4.25.0/env/mingw/msys/1.0/gnu-arm-gcc/bin/../lib/gcc/arm-none-eabi/7.3.1/thumb/v7e-m/fpv4-sp/hard\libgcc.a(_arm_truncdfsf2.o)
                0x0800098c                __truncdfsf2
                0x0800098c                __aeabi_d2f
 .text          0x08000a2c       0xa0 p:/touchgfx/4.25.0/env/mingw/msys/1.0/gnu-arm-gcc/bin/../lib/gcc/arm-none-eabi/7.3.1/thumb/v7e-m/fpv4-sp/hard\libgcc.a(_aeabi_ldivmod.o)
                0x08000a2c                __aeabi_ldivmod
 .text          0x08000acc       0x30 p:/touchgfx/4.25.0/env/mingw/msys/1.0/gnu-arm-gcc/bin/../lib/gcc/arm-none-eabi/7.3.1/thumb/v7e-m/fpv4-sp/hard\libgcc.a(_aeabi_uldivmod.o)
                0x08000acc                __aeabi_uldivmod
 .text          0x08000afc      0x2cc p:/touchgfx/4.25.0/env/mingw/msys/1.0/gnu-arm-gcc/bin/../lib/gcc/arm-none-eabi/7.3.1/thumb/v7e-m/fpv4-sp/hard\libgcc.a(_udivmoddi4.o)
                0x08000afc                __udivmoddi4
 .text          0x08000dc8        0x4 p:/touchgfx/4.25.0/env/mingw/msys/1.0/gnu-arm-gcc/bin/../lib/gcc/arm-none-eabi/7.3.1/thumb/v7e-m/fpv4-sp/hard\libgcc.a(_dvmd_tls.o)
                0x08000dc8                __aeabi_idiv0
                0x08000dc8                __aeabi_ldiv0
 *fill*         0x08000dcc        0x4 
 .text          0x08000dd0       0xa0 p:/touchgfx/4.25.0/env/mingw/msys/1.0/gnu-arm-gcc/bin/../lib/gcc/arm-none-eabi/7.3.1/../../../../arm-none-eabi/lib/thumb/v7e-m/fpv4-sp/hard\libc_nano.a(lib_a-memchr.o)
                0x08000dd0                memchr
 *(.text*)
 .text._ZNK8touchgfx8Drawable17invalidateContentEv
                0x08000e70        0xe TouchGFX/build/STM32F429IDISCO/TouchGFX/gui/src/containers/CustomContainer1.o
                0x08000e70                touchgfx::Drawable::invalidateContent() const
 .text._ZN8touchgfx8Drawable4setXEs
                0x08000e7e        0x4 TouchGFX/build/STM32F429IDISCO/TouchGFX/gui/src/containers/CustomContainer1.o
                0x08000e7e                touchgfx::Drawable::setX(short)
 .text._ZN8touchgfx8Drawable4setYEs
                0x08000e82        0x4 TouchGFX/build/STM32F429IDISCO/TouchGFX/gui/src/containers/CustomContainer1.o
                0x08000e82                touchgfx::Drawable::setY(short)
 .text._ZN8touchgfx8Drawable8setWidthEs
                0x08000e86        0x4 TouchGFX/build/STM32F429IDISCO/TouchGFX/gui/src/containers/CustomContainer1.o
                0x08000e86                touchgfx::Drawable::setWidth(short)
 .text._ZN8touchgfx8Drawable9setHeightEs
                0x08000e8a        0x4 TouchGFX/build/STM32F429IDISCO/TouchGFX/gui/src/containers/CustomContainer1.o
                0x08000e8a                touchgfx::Drawable::setHeight(short)
 .text._ZN8touchgfx8Drawable20childGeometryChangedEv
                0x08000e8e        0x2 TouchGFX/build/STM32F429IDISCO/TouchGFX/gui/src/containers/CustomContainer1.o
                0x08000e8e                touchgfx::Drawable::childGeometryChanged()
 .text._ZN8touchgfx8Drawable16handleClickEventERKNS_10ClickEventE
                0x08000e90        0x2 TouchGFX/build/STM32F429IDISCO/TouchGFX/gui/src/containers/CustomContainer1.o
                0x08000e90                touchgfx::Drawable::handleClickEvent(touchgfx::ClickEvent const&)
 .text._ZN8touchgfx8Drawable18handleGestureEventERKNS_12GestureEventE
                0x08000e92        0x2 TouchGFX/build/STM32F429IDISCO/TouchGFX/gui/src/containers/CustomContainer1.o
                0x08000e92                touchgfx::Drawable::handleGestureEvent(touchgfx::GestureEvent const&)
 .text._ZN8touchgfx8Drawable15handleDragEventERKNS_9DragEventE
                0x08000e94        0x2 TouchGFX/build/STM32F429IDISCO/TouchGFX/gui/src/containers/CustomContainer1.o
                0x08000e94                touchgfx::Drawable::handleDragEvent(touchgfx::DragEvent const&)
 .text._ZN8touchgfx8Drawable15handleTickEventEv
                0x08000e96        0x2 TouchGFX/build/STM32F429IDISCO/TouchGFX/gui/src/containers/CustomContainer1.o
                0x08000e96                touchgfx::Drawable::handleTickEvent()
 .text._ZN8touchgfx8Drawable6moveToEss
                0x08000e98       0x18 TouchGFX/build/STM32F429IDISCO/TouchGFX/gui/src/containers/CustomContainer1.o
                0x08000e98                touchgfx::Drawable::moveTo(short, short)
 .text._ZN8touchgfx9Container13getFirstChildEv
                0x08000eb0        0x4 TouchGFX/build/STM32F429IDISCO/TouchGFX/gui/src/containers/CustomContainer1.o
                0x08000eb0                touchgfx::Container::getFirstChild()
 .text._ZN16Screen1PresenterD2Ev
                0x08000eb4        0x6 TouchGFX/build/STM32F429IDISCO/TouchGFX/gui/src/screen1_screen/Screen1Presenter.o
                0x08000eb4                Screen1Presenter::~Screen1Presenter()
                0x08000eb4                Screen1Presenter::~Screen1Presenter()
                0x08000eb6                non-virtual thunk to Screen1Presenter::~Screen1Presenter()
 .text._ZN16Screen1Presenter8activateEv
                0x08000eba        0x2 TouchGFX/build/STM32F429IDISCO/TouchGFX/gui/src/screen1_screen/Screen1Presenter.o
                0x08000eba                Screen1Presenter::deactivate()
                0x08000eba                Screen1Presenter::activate()
 .text._ZN16Screen1PresenterD0Ev
                0x08000ebc       0x14 TouchGFX/build/STM32F429IDISCO/TouchGFX/gui/src/screen1_screen/Screen1Presenter.o
                0x08000ebc                Screen1Presenter::~Screen1Presenter()
                0x08000eca                non-virtual thunk to Screen1Presenter::~Screen1Presenter()
 .text._ZN16Screen1PresenterC2ER11Screen1View
                0x08000ed0       0x1c TouchGFX/build/STM32F429IDISCO/TouchGFX/gui/src/screen1_screen/Screen1Presenter.o
                0x08000ed0                Screen1Presenter::Screen1Presenter(Screen1View&)
                0x08000ed0                Screen1Presenter::Screen1Presenter(Screen1View&)
 .text._ZN8touchgfx6Screen15afterTransitionEv
                0x08000eec        0x2 TouchGFX/build/STM32F429IDISCO/TouchGFX/gui/src/screen1_screen/Screen1View.o
                0x08000eec                touchgfx::Screen::afterTransition()
 .text._ZN8touchgfx6Screen15handleTickEventEv
                0x08000eee        0x2 TouchGFX/build/STM32F429IDISCO/TouchGFX/gui/src/screen1_screen/Screen1View.o
                0x08000eee                touchgfx::Screen::handleTickEvent()
 .text._ZN8touchgfx6Screen14handleKeyEventEh
                0x08000ef0        0x2 TouchGFX/build/STM32F429IDISCO/TouchGFX/gui/src/screen1_screen/Screen1View.o
                0x08000ef0                touchgfx::Screen::handleKeyEvent(unsigned char)
 .text._ZN8touchgfx9TypedTextD2Ev
                0x08000ef2        0x2 TouchGFX/build/STM32F429IDISCO/TouchGFX/gui/src/screen1_screen/Screen1View.o
                0x08000ef2                touchgfx::TypedText::~TypedText()
                0x08000ef2                touchgfx::TypedText::~TypedText()
 .text._ZN11Screen1View14tearDownScreenEv
                0x08000ef4        0x2 TouchGFX/build/STM32F429IDISCO/TouchGFX/gui/src/screen1_screen/Screen1View.o
                0x08000ef4                Screen1View::tearDownScreen()
 .text._ZN8touchgfx9TypedTextD0Ev
                0x08000ef6        0xe TouchGFX/build/STM32F429IDISCO/TouchGFX/gui/src/screen1_screen/Screen1View.o
                0x08000ef6                touchgfx::TypedText::~TypedText()
 .text._ZN11Screen1ViewD2Ev
                0x08000f04       0x14 TouchGFX/build/STM32F429IDISCO/TouchGFX/gui/src/screen1_screen/Screen1View.o
                0x08000f04                Screen1View::~Screen1View()
                0x08000f04                Screen1View::~Screen1View()
 .text._ZN11Screen1ViewD0Ev
                0x08000f18       0x16 TouchGFX/build/STM32F429IDISCO/TouchGFX/gui/src/screen1_screen/Screen1View.o
                0x08000f18                Screen1View::~Screen1View()
 *fill*         0x08000f2e        0x2 
 .text._ZN11Screen1ViewC2Ev
                0x08000f30       0x14 TouchGFX/build/STM32F429IDISCO/TouchGFX/gui/src/screen1_screen/Screen1View.o
                0x08000f30                Screen1View::Screen1View()
                0x08000f30                Screen1View::Screen1View()
 .text._ZN11Screen1View11setupScreenEv
                0x08000f44        0x4 TouchGFX/build/STM32F429IDISCO/TouchGFX/gui/src/screen1_screen/Screen1View.o
                0x08000f44                Screen1View::setupScreen()
 .text._ZN11Screen1View7turn_onEv
                0x08000f48       0x44 TouchGFX/build/STM32F429IDISCO/TouchGFX/gui/src/screen1_screen/Screen1View.o
                0x08000f48                Screen1View::turn_on()
 .text._ZN11Screen1View8turn_offEv
                0x08000f8c       0x44 TouchGFX/build/STM32F429IDISCO/TouchGFX/gui/src/screen1_screen/Screen1View.o
                0x08000f8c                Screen1View::turn_off()
 .text._ZN5ModelC2Ev
                0x08000fd0        0x6 TouchGFX/build/STM32F429IDISCO/TouchGFX/gui/src/model/Model.o
                0x08000fd0                Model::Model()
                0x08000fd0                Model::Model()
 .text._ZN5Model4tickEv
                0x08000fd6        0x2 TouchGFX/build/STM32F429IDISCO/TouchGFX/gui/src/model/Model.o
                0x08000fd6                Model::tick()
 .text._ZN8touchgfx11Application15appSwitchScreenEh
                0x08000fd8        0x2 TouchGFX/build/STM32F429IDISCO/TouchGFX/gui/src/common/FrontendApplication.o
                0x08000fd8                touchgfx::Application::appSwitchScreen(unsigned char)
 .text._ZN8touchgfx11Application13requestRedrawERNS_4RectE
                0x08000fda        0xc TouchGFX/build/STM32F429IDISCO/TouchGFX/gui/src/common/FrontendApplication.o
                0x08000fda                touchgfx::Application::requestRedraw(touchgfx::Rect&)
 .text._ZN19FrontendApplicationD2Ev
                0x08000fe6        0x2 TouchGFX/build/STM32F429IDISCO/TouchGFX/gui/src/common/FrontendApplication.o
                0x08000fe6                FrontendApplication::~FrontendApplication()
                0x08000fe6                FrontendApplication::~FrontendApplication()
 .text._ZN23FrontendApplicationBase19changeToStartScreenEv
                0x08000fe8        0x4 TouchGFX/build/STM32F429IDISCO/TouchGFX/gui/src/common/FrontendApplication.o
                0x08000fe8                FrontendApplicationBase::changeToStartScreen()
 .text._ZN19FrontendApplicationD0Ev
                0x08000fec       0x10 TouchGFX/build/STM32F429IDISCO/TouchGFX/gui/src/common/FrontendApplication.o
                0x08000fec                FrontendApplication::~FrontendApplication()
 .text._ZN19FrontendApplication15handleTickEventEv
                0x08000ffc       0x16 TouchGFX/build/STM32F429IDISCO/TouchGFX/gui/src/common/FrontendApplication.o
                0x08000ffc                FrontendApplication::handleTickEvent()
 .text._ZN8touchgfx14MVPApplication29handlePendingScreenTransitionEv
                0x08001012       0x24 TouchGFX/build/STM32F429IDISCO/TouchGFX/gui/src/common/FrontendApplication.o
                0x08001012                touchgfx::MVPApplication::handlePendingScreenTransition()
 *fill*         0x08001036        0x2 
 .text._ZN19FrontendApplicationC2ER5ModelR12FrontendHeap
                0x08001038       0x14 TouchGFX/build/STM32F429IDISCO/TouchGFX/gui/src/common/FrontendApplication.o
                0x08001038                FrontendApplication::FrontendApplication(Model&, FrontendHeap&)
                0x08001038                FrontendApplication::FrontendApplication(Model&, FrontendHeap&)
 .text._ZN8touchgfx8Drawable13getFirstChildEv
                0x0800104c        0x4 TouchGFX/build/STM32F429IDISCO/TouchGFX/generated/gui_generated/src/screen1_screen/Screen1ViewBase.o
                0x0800104c                touchgfx::Drawable::getFirstChild()
 .text._ZN8touchgfx8Drawable14setupDrawChainERKNS_4RectEPPS0_
                0x08001050       0x14 TouchGFX/build/STM32F429IDISCO/TouchGFX/generated/gui_generated/src/screen1_screen/Screen1ViewBase.o
                0x08001050                touchgfx::Drawable::setupDrawChain(touchgfx::Rect const&, touchgfx::Drawable**)
 .text._ZN8touchgfx6Widget12getLastChildEssPPNS_8DrawableE
                0x08001064       0x10 TouchGFX/build/STM32F429IDISCO/TouchGFX/generated/gui_generated/src/screen1_screen/Screen1ViewBase.o
                0x08001064                touchgfx::Widget::getLastChild(short, short, touchgfx::Drawable**)
 .text._ZN8touchgfx6Screen11setupScreenEv
                0x08001074        0x2 TouchGFX/build/STM32F429IDISCO/TouchGFX/generated/gui_generated/src/screen1_screen/Screen1ViewBase.o
                0x08001074                touchgfx::Screen::setupScreen()
 .text._ZN8touchgfx6Screen14tearDownScreenEv
                0x08001076        0x2 TouchGFX/build/STM32F429IDISCO/TouchGFX/generated/gui_generated/src/screen1_screen/Screen1ViewBase.o
                0x08001076                touchgfx::Screen::tearDownScreen()
 .text._ZN15Screen1ViewBase7turn_onEv
                0x08001078        0x2 TouchGFX/build/STM32F429IDISCO/TouchGFX/generated/gui_generated/src/screen1_screen/Screen1ViewBase.o
                0x08001078                Screen1ViewBase::turn_on()
 .text._ZN15Screen1ViewBase8turn_offEv
                0x0800107a        0x2 TouchGFX/build/STM32F429IDISCO/TouchGFX/generated/gui_generated/src/screen1_screen/Screen1ViewBase.o
                0x0800107a                Screen1ViewBase::turn_off()
 .text._ZN15Screen1ViewBaseD2Ev
                0x0800107c        0x2 TouchGFX/build/STM32F429IDISCO/TouchGFX/generated/gui_generated/src/screen1_screen/Screen1ViewBase.o
                0x0800107c                Screen1ViewBase::~Screen1ViewBase()
                0x0800107c                Screen1ViewBase::~Screen1ViewBase()
 .text._ZN15Screen1ViewBase11setupScreenEv
                0x0800107e        0x2 TouchGFX/build/STM32F429IDISCO/TouchGFX/generated/gui_generated/src/screen1_screen/Screen1ViewBase.o
                0x0800107e                Screen1ViewBase::setupScreen()
 .text._ZN8touchgfx8CallbackI15Screen1ViewBaseRKNS_14AbstractButtonEvvED2Ev
                0x08001080        0x2 TouchGFX/build/STM32F429IDISCO/TouchGFX/generated/gui_generated/src/screen1_screen/Screen1ViewBase.o
                0x08001080                touchgfx::Callback<Screen1ViewBase, touchgfx::AbstractButton const&, void, void>::~Callback()
                0x08001080                touchgfx::Callback<Screen1ViewBase, touchgfx::AbstractButton const&, void, void>::~Callback()
 .text._ZN8touchgfx8CallbackI15Screen1ViewBaseRKNS_14AbstractButtonEvvE7executeES4_
                0x08001082       0x1e TouchGFX/build/STM32F429IDISCO/TouchGFX/generated/gui_generated/src/screen1_screen/Screen1ViewBase.o
                0x08001082                touchgfx::Callback<Screen1ViewBase, touchgfx::AbstractButton const&, void, void>::execute(touchgfx::AbstractButton const&)
 .text._ZNK8touchgfx8CallbackI15Screen1ViewBaseRKNS_14AbstractButtonEvvE7isValidEv
                0x080010a0       0x18 TouchGFX/build/STM32F429IDISCO/TouchGFX/generated/gui_generated/src/screen1_screen/Screen1ViewBase.o
                0x080010a0                touchgfx::Callback<Screen1ViewBase, touchgfx::AbstractButton const&, void, void>::isValid() const
 .text._ZN8touchgfx8CallbackI15Screen1ViewBaseRKNS_14AbstractButtonEvvED0Ev
                0x080010b8        0xe TouchGFX/build/STM32F429IDISCO/TouchGFX/generated/gui_generated/src/screen1_screen/Screen1ViewBase.o
                0x080010b8                touchgfx::Callback<Screen1ViewBase, touchgfx::AbstractButton const&, void, void>::~Callback()
 .text._ZN15Screen1ViewBaseD0Ev
                0x080010c6       0x10 TouchGFX/build/STM32F429IDISCO/TouchGFX/generated/gui_generated/src/screen1_screen/Screen1ViewBase.o
                0x080010c6                Screen1ViewBase::~Screen1ViewBase()
 .text._ZN15Screen1ViewBase21buttonCallbackHandlerERKN8touchgfx14AbstractButtonE
                0x080010d6       0x2a TouchGFX/build/STM32F429IDISCO/TouchGFX/generated/gui_generated/src/screen1_screen/Screen1ViewBase.o
                0x080010d6                Screen1ViewBase::buttonCallbackHandler(touchgfx::AbstractButton const&)
 .text._ZN8touchgfx8DrawableC2Ev
                0x08001100       0x30 TouchGFX/build/STM32F429IDISCO/TouchGFX/generated/gui_generated/src/screen1_screen/Screen1ViewBase.o
                0x08001100                touchgfx::Drawable::Drawable()
                0x08001100                touchgfx::Drawable::Drawable()
 .text._ZN8touchgfx8Drawable5setXYEss
                0x08001130       0x1a TouchGFX/build/STM32F429IDISCO/TouchGFX/generated/gui_generated/src/screen1_screen/Screen1ViewBase.o
                0x08001130                touchgfx::Drawable::setXY(short, short)
 *fill*         0x0800114a        0x2 
 .text._ZN8touchgfx5ImageC2ERKNS_6BitmapE
                0x0800114c       0x34 TouchGFX/build/STM32F429IDISCO/TouchGFX/generated/gui_generated/src/screen1_screen/Screen1ViewBase.o
                0x0800114c                touchgfx::Image::Image(touchgfx::Bitmap const&)
                0x0800114c                touchgfx::Image::Image(touchgfx::Bitmap const&)
 .text._ZN8touchgfx15ButtonWithLabel18updateTextPositionEv
                0x08001180       0x88 TouchGFX/build/STM32F429IDISCO/TouchGFX/generated/gui_generated/src/screen1_screen/Screen1ViewBase.o
                0x08001180                touchgfx::ButtonWithLabel::updateTextPosition()
 .text._ZN15Screen1ViewBaseC2Ev
                0x08001208      0x23c TouchGFX/build/STM32F429IDISCO/TouchGFX/generated/gui_generated/src/screen1_screen/Screen1ViewBase.o
                0x08001208                Screen1ViewBase::Screen1ViewBase()
                0x08001208                Screen1ViewBase::Screen1ViewBase()
 .text._ZN8touchgfx11Application19changeToStartScreenEv
                0x08001444        0x2 TouchGFX/build/STM32F429IDISCO/TouchGFX/generated/gui_generated/src/common/FrontendApplicationBase.o
                0x08001444                touchgfx::Application::changeToStartScreen()
 .text._ZN8touchgfx10Transition8tearDownEv
                0x08001446        0x2 TouchGFX/build/STM32F429IDISCO/TouchGFX/generated/gui_generated/src/common/FrontendApplicationBase.o
                0x08001446                touchgfx::Transition::tearDown()
 .text._ZN8touchgfx10Transition4initEv
                0x08001448        0x2 TouchGFX/build/STM32F429IDISCO/TouchGFX/generated/gui_generated/src/common/FrontendApplicationBase.o
                0x08001448                touchgfx::Transition::init()
 .text._ZN8touchgfx10Transition18setScreenContainerERNS_9ContainerE
                0x0800144a        0x4 TouchGFX/build/STM32F429IDISCO/TouchGFX/generated/gui_generated/src/common/FrontendApplicationBase.o
                0x0800144a                touchgfx::Transition::setScreenContainer(touchgfx::Container&)
 .text._ZN23FrontendApplicationBaseD2Ev
                0x0800144e        0x2 TouchGFX/build/STM32F429IDISCO/TouchGFX/generated/gui_generated/src/common/FrontendApplicationBase.o
                0x0800144e                FrontendApplicationBase::~FrontendApplicationBase()
                0x0800144e                FrontendApplicationBase::~FrontendApplicationBase()
 .text._ZN8touchgfx12NoTransition15handleTickEventEv
                0x08001450        0x6 TouchGFX/build/STM32F429IDISCO/TouchGFX/generated/gui_generated/src/common/FrontendApplicationBase.o
                0x08001450                touchgfx::NoTransition::handleTickEvent()
 .text._ZN8touchgfx12NoTransitionD2Ev
                0x08001456        0x2 TouchGFX/build/STM32F429IDISCO/TouchGFX/generated/gui_generated/src/common/FrontendApplicationBase.o
                0x08001456                touchgfx::NoTransition::~NoTransition()
                0x08001456                touchgfx::NoTransition::~NoTransition()
 .text._ZN8touchgfx8CallbackI23FrontendApplicationBasevvvED2Ev
                0x08001458        0x2 TouchGFX/build/STM32F429IDISCO/TouchGFX/generated/gui_generated/src/common/FrontendApplicationBase.o
                0x08001458                touchgfx::Callback<FrontendApplicationBase, void, void, void>::~Callback()
                0x08001458                touchgfx::Callback<FrontendApplicationBase, void, void, void>::~Callback()
 .text._ZN8touchgfx8CallbackI23FrontendApplicationBasevvvE7executeEv
                0x0800145a       0x20 TouchGFX/build/STM32F429IDISCO/TouchGFX/generated/gui_generated/src/common/FrontendApplicationBase.o
                0x0800145a                touchgfx::Callback<FrontendApplicationBase, void, void, void>::execute()
 .text._ZNK8touchgfx8CallbackI23FrontendApplicationBasevvvE7isValidEv
                0x0800147a       0x18 TouchGFX/build/STM32F429IDISCO/TouchGFX/generated/gui_generated/src/common/FrontendApplicationBase.o
                0x0800147a                touchgfx::Callback<FrontendApplicationBase, void, void, void>::isValid() const
 .text._ZN8touchgfx12NoTransitionD0Ev
                0x08001492        0xe TouchGFX/build/STM32F429IDISCO/TouchGFX/generated/gui_generated/src/common/FrontendApplicationBase.o
                0x08001492                touchgfx::NoTransition::~NoTransition()
 .text._ZN23FrontendApplicationBaseD0Ev
                0x080014a0       0x10 TouchGFX/build/STM32F429IDISCO/TouchGFX/generated/gui_generated/src/common/FrontendApplicationBase.o
                0x080014a0                FrontendApplicationBase::~FrontendApplicationBase()
 .text._ZN8touchgfx8CallbackI23FrontendApplicationBasevvvED0Ev
                0x080014b0        0xe TouchGFX/build/STM32F429IDISCO/TouchGFX/generated/gui_generated/src/common/FrontendApplicationBase.o
                0x080014b0                touchgfx::Callback<FrontendApplicationBase, void, void, void>::~Callback()
 .text._ZN8touchgfx10Transition10invalidateEv
                0x080014be       0x10 TouchGFX/build/STM32F429IDISCO/TouchGFX/generated/gui_generated/src/common/FrontendApplicationBase.o
                0x080014be                touchgfx::Transition::invalidate()
 *fill*         0x080014ce        0x2 
 .text._ZN8touchgfx3HAL3lcdEv
                0x080014d0       0x18 TouchGFX/build/STM32F429IDISCO/TouchGFX/generated/gui_generated/src/common/FrontendApplicationBase.o
                0x080014d0                touchgfx::HAL::lcd()
 .text._ZN23FrontendApplicationBaseC2ER5ModelR12FrontendHeap
                0x080014e8       0x78 TouchGFX/build/STM32F429IDISCO/TouchGFX/generated/gui_generated/src/common/FrontendApplicationBase.o
                0x080014e8                FrontendApplicationBase::FrontendApplicationBase(Model&, FrontendHeap&)
                0x080014e8                FrontendApplicationBase::FrontendApplicationBase(Model&, FrontendHeap&)
 .text._ZN23FrontendApplicationBase29gotoScreen1ScreenNoTransitionEv
                0x08001560       0x20 TouchGFX/build/STM32F429IDISCO/TouchGFX/generated/gui_generated/src/common/FrontendApplicationBase.o
                0x08001560                FrontendApplicationBase::gotoScreen1ScreenNoTransition()
 .text._ZN8touchgfx14makeTransitionI11Screen1View16Screen1PresenterNS_12NoTransitionE5ModelEEPT0_PPNS_6ScreenEPPNS_9PresenterERNS_7MVPHeapEPPNS_10TransitionEPT2_
                0x08001580      0x140 TouchGFX/build/STM32F429IDISCO/TouchGFX/generated/gui_generated/src/common/FrontendApplicationBase.o
                0x08001580                Screen1Presenter* touchgfx::makeTransition<Screen1View, Screen1Presenter, touchgfx::NoTransition, Model>(touchgfx::Screen**, touchgfx::Presenter**, touchgfx::MVPHeap&, touchgfx::Transition**, Model*)
 .text._ZN23FrontendApplicationBase33gotoScreen1ScreenNoTransitionImplEv
                0x080016c0       0x28 TouchGFX/build/STM32F429IDISCO/TouchGFX/generated/gui_generated/src/common/FrontendApplicationBase.o
                0x080016c0                FrontendApplicationBase::gotoScreen1ScreenNoTransitionImpl()
 .text._ZNK8touchgfx4Font8getGlyphEt
                0x080016e8       0x1e TouchGFX/build/STM32F429IDISCO/TouchGFX/generated/fonts/src/GeneratedFont.o
                0x080016e8                touchgfx::Font::getGlyph(unsigned short) const
 .text._ZNK8touchgfx4Font15getFallbackCharEv
                0x08001706        0x4 TouchGFX/build/STM32F429IDISCO/TouchGFX/generated/fonts/src/GeneratedFont.o
                0x08001706                touchgfx::Font::getFallbackChar() const
 .text._ZNK8touchgfx4Font15getEllipsisCharEv
                0x0800170a        0x4 TouchGFX/build/STM32F429IDISCO/TouchGFX/generated/fonts/src/GeneratedFont.o
                0x0800170a                touchgfx::Font::getEllipsisChar() const
 .text._ZNK8touchgfx4Font11getBaselineEv
                0x0800170e        0x4 TouchGFX/build/STM32F429IDISCO/TouchGFX/generated/fonts/src/GeneratedFont.o
                0x0800170e                touchgfx::Font::getBaseline() const
 .text._ZNK8touchgfx4Font9getHeightEv
                0x08001712        0x4 TouchGFX/build/STM32F429IDISCO/TouchGFX/generated/fonts/src/GeneratedFont.o
                0x08001712                touchgfx::Font::getHeight() const
 .text._ZNK8touchgfx4Font15getBitsPerPixelEv
                0x08001716        0x8 TouchGFX/build/STM32F429IDISCO/TouchGFX/generated/fonts/src/GeneratedFont.o
                0x08001716                touchgfx::Font::getBitsPerPixel() const
 .text._ZNK8touchgfx4Font15getByteAlignRowEv
                0x0800171e        0x6 TouchGFX/build/STM32F429IDISCO/TouchGFX/generated/fonts/src/GeneratedFont.o
                0x0800171e                touchgfx::Font::getByteAlignRow() const
 .text._ZNK8touchgfx4Font17isVectorBasedFontEv
                0x08001724        0x4 TouchGFX/build/STM32F429IDISCO/TouchGFX/generated/fonts/src/GeneratedFont.o
                0x08001724                touchgfx::Font::isVectorBasedFont() const
 .text._ZNK8touchgfx4Font14getScaleFactorEv
                0x08001728        0xc TouchGFX/build/STM32F429IDISCO/TouchGFX/generated/fonts/src/GeneratedFont.o
                0x08001728                touchgfx::Font::getScaleFactor() const
 .text._ZNK8touchgfx13GeneratedFont12getGSUBTableEv
                0x08001734        0x4 TouchGFX/build/STM32F429IDISCO/TouchGFX/generated/fonts/src/GeneratedFont.o
                0x08001734                touchgfx::GeneratedFont::getGSUBTable() const
 .text._ZNK8touchgfx13GeneratedFont23getContextualFormsTableEv
                0x08001738        0x4 TouchGFX/build/STM32F429IDISCO/TouchGFX/generated/fonts/src/GeneratedFont.o
                0x08001738                touchgfx::GeneratedFont::getContextualFormsTable() const
 .text._ZN8touchgfx13GeneratedFontD2Ev
                0x0800173c        0x2 TouchGFX/build/STM32F429IDISCO/TouchGFX/generated/fonts/src/GeneratedFont.o
                0x0800173c                touchgfx::GeneratedFont::~GeneratedFont()
                0x0800173c                touchgfx::GeneratedFont::~GeneratedFont()
 .text._ZNK8touchgfx13GeneratedFont12getPixelDataEPKNS_9GlyphNodeE
                0x0800173e       0x18 TouchGFX/build/STM32F429IDISCO/TouchGFX/generated/fonts/src/GeneratedFont.o
                0x0800173e                touchgfx::GeneratedFont::getPixelData(touchgfx::GlyphNode const*) const
 .text._ZNK8touchgfx13GeneratedFont10getKerningEtPKNS_9GlyphNodeE
                0x08001756       0x3a TouchGFX/build/STM32F429IDISCO/TouchGFX/generated/fonts/src/GeneratedFont.o
                0x08001756                touchgfx::GeneratedFont::getKerning(unsigned short, touchgfx::GlyphNode const*) const
 .text._ZN8touchgfx13GeneratedFontD0Ev
                0x08001790        0xe TouchGFX/build/STM32F429IDISCO/TouchGFX/generated/fonts/src/GeneratedFont.o
                0x08001790                touchgfx::GeneratedFont::~GeneratedFont()
 *fill*         0x0800179e        0x2 
 .text._ZN8touchgfx13GeneratedFontC2EPKNS_9GlyphNodeEttthhhhhhPKPKhPKNS_11KerningNodeEttPKtPKNS_24FontContextualFormsTableE
                0x080017a0       0x60 TouchGFX/build/STM32F429IDISCO/TouchGFX/generated/fonts/src/GeneratedFont.o
                0x080017a0                touchgfx::GeneratedFont::GeneratedFont(touchgfx::GlyphNode const*, unsigned short, unsigned short, unsigned short, unsigned char, unsigned char, unsigned char, unsigned char, unsigned char, unsigned char, unsigned char const* const*, touchgfx::KerningNode const*, unsigned short, unsigned short, unsigned short const*, touchgfx::FontContextualFormsTable const*)
                0x080017a0                touchgfx::GeneratedFont::GeneratedFont(touchgfx::GlyphNode const*, unsigned short, unsigned short, unsigned short, unsigned char, unsigned char, unsigned char, unsigned char, unsigned char, unsigned char, unsigned char const* const*, touchgfx::KerningNode const*, unsigned short, unsigned short, unsigned short const*, touchgfx::FontContextualFormsTable const*)
 .text._Z23getFont_verdana_10_4bppv
                0x08001800       0x7c TouchGFX/build/STM32F429IDISCO/TouchGFX/generated/fonts/src/Table_verdana_10_4bpp.o
                0x08001800                getFont_verdana_10_4bpp()
 .text._ZN8touchgfx22VectorFontRendererImpl20getVectorFontBuffersERPfRiRPhS3_
                0x0800187c        0xe TouchGFX/build/STM32F429IDISCO/TouchGFX/generated/fonts/src/VectorFontRendererBuffers.o
                0x0800187c                touchgfx::VectorFontRendererImpl::getVectorFontBuffers(float*&, int&, unsigned char*&, int&)
 *fill*         0x0800188a        0x2 
 .text._Z23getFont_verdana_40_4bppv
                0x0800188c       0x80 TouchGFX/build/STM32F429IDISCO/TouchGFX/generated/fonts/src/Table_verdana_40_4bpp.o
                0x0800188c                getFont_verdana_40_4bpp()
 .text._Z23getFont_verdana_20_4bppv
                0x0800190c       0x7c TouchGFX/build/STM32F429IDISCO/TouchGFX/generated/fonts/src/Table_verdana_20_4bpp.o
                0x0800190c                getFont_verdana_20_4bpp()
 .text._ZN23ApplicationFontProviderD2Ev
                0x08001988        0x2 TouchGFX/build/STM32F429IDISCO/TouchGFX/generated/fonts/src/ApplicationFontProvider.o
                0x08001988                ApplicationFontProvider::~ApplicationFontProvider()
                0x08001988                ApplicationFontProvider::~ApplicationFontProvider()
 .text._ZN23ApplicationFontProviderD0Ev
                0x0800198a        0xe TouchGFX/build/STM32F429IDISCO/TouchGFX/generated/fonts/src/ApplicationFontProvider.o
                0x0800198a                ApplicationFontProvider::~ApplicationFontProvider()
 .text._ZN23ApplicationFontProvider7getFontEt
                0x08001998       0x28 TouchGFX/build/STM32F429IDISCO/TouchGFX/generated/fonts/src/ApplicationFontProvider.o
                0x08001998                ApplicationFontProvider::getFont(unsigned short)
 .text._ZN14BitmapDatabase11getInstanceEv
                0x080019c0        0x8 TouchGFX/build/STM32F429IDISCO/TouchGFX/generated/images/src/BitmapDatabase.o
                0x080019c0                BitmapDatabase::getInstance()
 .text._ZN14BitmapDatabase15getInstanceSizeEv
                0x080019c8        0x4 TouchGFX/build/STM32F429IDISCO/TouchGFX/generated/images/src/BitmapDatabase.o
                0x080019c8                BitmapDatabase::getInstanceSize()
 .text._ZN17TypedTextDatabase15getInstanceSizeEv
                0x080019cc        0x4 TouchGFX/build/STM32F429IDISCO/TouchGFX/generated/texts/src/TypedTextDatabase.o
                0x080019cc                TypedTextDatabase::getInstanceSize()
 .text._ZN17TypedTextDatabase8getFontsEv
                0x080019d0        0x8 TouchGFX/build/STM32F429IDISCO/TouchGFX/generated/texts/src/TypedTextDatabase.o
                0x080019d0                TypedTextDatabase::getFonts()
 .text.startup._GLOBAL__sub_I_touchgfx_fonts
                0x080019d8       0x1c TouchGFX/build/STM32F429IDISCO/TouchGFX/generated/texts/src/TypedTextDatabase.o
 .text._ZNK8touchgfx4Font12getGSUBTableEv
                0x080019f4        0x4 TouchGFX/build/STM32F429IDISCO/TouchGFX/generated/texts/src/Texts.o
                0x080019f4                touchgfx::Font::getGSUBTable() const
 .text._ZNK8touchgfx4Font23getContextualFormsTableEv
                0x080019f8        0x4 TouchGFX/build/STM32F429IDISCO/TouchGFX/generated/texts/src/Texts.o
                0x080019f8                touchgfx::Font::getContextualFormsTable() const
 .text._ZNK8touchgfx4Font14getStringWidthEPKtz
                0x080019fc       0x1c TouchGFX/build/STM32F429IDISCO/TouchGFX/generated/texts/src/Texts.o
                0x080019fc                touchgfx::Font::getStringWidth(unsigned short const*, ...) const
 .text._ZNK8touchgfx4Font14getStringWidthEhPKtz
                0x08001a18       0x1a TouchGFX/build/STM32F429IDISCO/TouchGFX/generated/texts/src/Texts.o
                0x08001a18                touchgfx::Font::getStringWidth(unsigned char, unsigned short const*, ...) const
 *fill*         0x08001a32        0x2 
 .text._ZN8touchgfx12TextProvider15getNextLigatureEh
                0x08001a34       0x84 TouchGFX/build/STM32F429IDISCO/TouchGFX/generated/texts/src/Texts.o
                0x08001a34                touchgfx::TextProvider::getNextLigature(unsigned char)
 .text._ZN8touchgfx12TextProvider18initializeInternalEv
                0x08001ab8        0x4 TouchGFX/build/STM32F429IDISCO/TouchGFX/generated/texts/src/Texts.o
                0x08001ab8                touchgfx::TextProvider::initializeInternal()
 .text._ZN8touchgfx3LCD10drawStringENS_4RectERKS1_RKNS0_13StringVisualsEPKtz
                0x08001abc       0x22 TouchGFX/build/STM32F429IDISCO/TouchGFX/generated/texts/src/Texts.o
                0x08001abc                touchgfx::LCD::drawString(touchgfx::Rect, touchgfx::Rect const&, touchgfx::LCD::StringVisuals const&, unsigned short const*, ...)
 *fill*         0x08001ade        0x2 
 .text._ZN8touchgfx5Texts11setLanguageEt
                0x08001ae0       0x74 TouchGFX/build/STM32F429IDISCO/TouchGFX/generated/texts/src/Texts.o
                0x08001ae0                touchgfx::Texts::setLanguage(unsigned short)
 .text._ZNK8touchgfx5Texts7getTextEt
                0x08001b54       0x1c TouchGFX/build/STM32F429IDISCO/TouchGFX/generated/texts/src/Texts.o
                0x08001b54                touchgfx::Texts::getText(unsigned short) const
 .text._ZN8touchgfx3HAL21setDisplayOrientationENS_18DisplayOrientationE
                0x08001b70        0xc TouchGFX/build/STM32F429IDISCO/TouchGFX/target/generated/TouchGFXGeneratedHAL.o
                0x08001b70                touchgfx::HAL::setDisplayOrientation(touchgfx::DisplayOrientation)
 .text._ZN8touchgfx3HAL11submitGPU2DEv
                0x08001b7c        0x2 TouchGFX/build/STM32F429IDISCO/TouchGFX/target/generated/TouchGFXGeneratedHAL.o
                0x08001b7c                touchgfx::HAL::submitGPU2D()
 .text._ZN8touchgfx3HAL9sampleKeyERh
                0x08001b7e        0x4 TouchGFX/build/STM32F429IDISCO/TouchGFX/target/generated/TouchGFXGeneratedHAL.o
                0x08001b7e                touchgfx::HAL::sampleKey(unsigned char&)
 *fill*         0x08001b82        0x2 
 .text._ZN8touchgfx3HAL19setAnimationStorageEPv
                0x08001b84       0x14 TouchGFX/build/STM32F429IDISCO/TouchGFX/target/generated/TouchGFXGeneratedHAL.o
                0x08001b84                touchgfx::HAL::setAnimationStorage(void*)
 .text._ZN8touchgfx3HAL16waitForLTDCLinesEt
                0x08001b98        0x2 TouchGFX/build/STM32F429IDISCO/TouchGFX/target/generated/TouchGFXGeneratedHAL.o
                0x08001b98                touchgfx::HAL::waitForLTDCLines(unsigned short)
 .text._ZNK8touchgfx3HAL18getFlashDataReaderEv
                0x08001b9a        0x4 TouchGFX/build/STM32F429IDISCO/TouchGFX/target/generated/TouchGFXGeneratedHAL.o
                0x08001b9a                touchgfx::HAL::getFlashDataReader() const
 .text._ZN8touchgfx3HAL9taskDelayEt
                0x08001b9e        0xa TouchGFX/build/STM32F429IDISCO/TouchGFX/target/generated/TouchGFXGeneratedHAL.o
                0x08001b9e                touchgfx::HAL::taskDelay(unsigned short)
 .text._ZN8touchgfx3HAL17getTFTCurrentLineEv
                0x08001ba8        0x6 TouchGFX/build/STM32F429IDISCO/TouchGFX/target/generated/TouchGFXGeneratedHAL.o
                0x08001ba8                touchgfx::HAL::getTFTCurrentLine()
 .text._ZN8touchgfx3HAL10getDMATypeEv
                0x08001bae        0x8 TouchGFX/build/STM32F429IDISCO/TouchGFX/target/generated/TouchGFXGeneratedHAL.o
                0x08001bae                touchgfx::HAL::getDMAType()
 .text._ZN8touchgfx3HAL25partialLTDCDeadlineMissedEv
                0x08001bb6        0x2 TouchGFX/build/STM32F429IDISCO/TouchGFX/target/generated/TouchGFXGeneratedHAL.o
                0x08001bb6                touchgfx::HAL::partialLTDCDeadlineMissed()
 .text._ZN8touchgfx3HAL15InvalidateCacheEv
                0x08001bb8        0x2 TouchGFX/build/STM32F429IDISCO/TouchGFX/target/generated/TouchGFXGeneratedHAL.o
                0x08001bb8                touchgfx::HAL::InvalidateCache()
 .text._ZN8touchgfx3HAL10FlushCacheEv
                0x08001bba        0x2 TouchGFX/build/STM32F429IDISCO/TouchGFX/target/generated/TouchGFXGeneratedHAL.o
                0x08001bba                touchgfx::HAL::FlushCache()
 .text._ZN8touchgfx3HAL22InvalidateTextureCacheEv
                0x08001bbc        0x2 TouchGFX/build/STM32F429IDISCO/TouchGFX/target/generated/TouchGFXGeneratedHAL.o
                0x08001bbc                touchgfx::HAL::InvalidateTextureCache()
 .text._ZNK8touchgfx15AbstractPainter18getRenderingMethodEv
                0x08001bbe        0x4 TouchGFX/build/STM32F429IDISCO/TouchGFX/target/generated/TouchGFXGeneratedHAL.o
                0x08001bbe                touchgfx::AbstractPainter::getRenderingMethod() const
 .text._ZNK8touchgfx15AbstractPainter5setupERKNS_4RectE
                0x08001bc2        0xa TouchGFX/build/STM32F429IDISCO/TouchGFX/target/generated/TouchGFXGeneratedHAL.o
                0x08001bc2                touchgfx::AbstractPainter::setup(touchgfx::Rect const&) const
 .text._ZNK8touchgfx15AbstractPainter8tearDownEv
                0x08001bcc        0x2 TouchGFX/build/STM32F429IDISCO/TouchGFX/target/generated/TouchGFXGeneratedHAL.o
                0x08001bcc                touchgfx::AbstractPainter::tearDown() const
 .text._ZN8touchgfx12CanvasWidget8setAlphaEh
                0x08001bce        0x6 TouchGFX/build/STM32F429IDISCO/TouchGFX/target/generated/TouchGFXGeneratedHAL.o
                0x08001bce                touchgfx::CanvasWidget::setAlpha(unsigned char)
 .text._ZNK8touchgfx12CanvasWidget8getAlphaEv
                0x08001bd4        0x6 TouchGFX/build/STM32F429IDISCO/TouchGFX/target/generated/TouchGFXGeneratedHAL.o
                0x08001bd4                touchgfx::CanvasWidget::getAlpha() const
 .text._ZNK8touchgfx12CanvasWidget14getMinimalRectEv
                0x08001bda       0x16 TouchGFX/build/STM32F429IDISCO/TouchGFX/target/generated/TouchGFXGeneratedHAL.o
                0x08001bda                touchgfx::CanvasWidget::getMinimalRect() const
 .text._ZNK8touchgfx12CanvasWidget12getSolidRectEv
                0x08001bf0        0xc TouchGFX/build/STM32F429IDISCO/TouchGFX/target/generated/TouchGFXGeneratedHAL.o
                0x08001bf0                touchgfx::CanvasWidget::getSolidRect() const
 .text._ZN8touchgfx17CWRVectorRenderer7setModeENS_14VectorRenderer8DrawModeE
                0x08001bfc        0x4 TouchGFX/build/STM32F429IDISCO/TouchGFX/target/generated/TouchGFXGeneratedHAL.o
                0x08001bfc                touchgfx::CWRVectorRenderer::setMode(touchgfx::VectorRenderer::DrawMode)
 .text._ZN8touchgfx17CWRVectorRenderer19setStrokeMiterLimitEf
                0x08001c00        0x6 TouchGFX/build/STM32F429IDISCO/TouchGFX/target/generated/TouchGFXGeneratedHAL.o
                0x08001c00                touchgfx::CWRVectorRenderer::setStrokeMiterLimit(float)
 .text._ZN8touchgfx17CWRVectorRenderer17setStrokeLineJoinENS_16VGStrokeLineJoinE
                0x08001c06        0x6 TouchGFX/build/STM32F429IDISCO/TouchGFX/target/generated/TouchGFXGeneratedHAL.o
                0x08001c06                touchgfx::CWRVectorRenderer::setStrokeLineJoin(touchgfx::VGStrokeLineJoin)
 .text._ZN8touchgfx17CWRVectorRenderer16setStrokeLineCapENS_15VGStrokeLineCapE
                0x08001c0c        0x6 TouchGFX/build/STM32F429IDISCO/TouchGFX/target/generated/TouchGFXGeneratedHAL.o
                0x08001c0c                touchgfx::CWRVectorRenderer::setStrokeLineCap(touchgfx::VGStrokeLineCap)
 .text._ZNK8touchgfx17CWRVectorRenderer17CanvasWidgetProxy16drawCanvasWidgetERKNS_4RectE
                0x08001c12        0x4 TouchGFX/build/STM32F429IDISCO/TouchGFX/target/generated/TouchGFXGeneratedHAL.o
                0x08001c12                touchgfx::CWRVectorRenderer::CanvasWidgetProxy::drawCanvasWidget(touchgfx::Rect const&) const
 .text._ZN8touchgfx23CWRVectorRendererRGB56516getLinearPainterEv
                0x08001c16        0x4 TouchGFX/build/STM32F429IDISCO/TouchGFX/target/generated/TouchGFXGeneratedHAL.o
                0x08001c16                touchgfx::CWRVectorRendererRGB565::getLinearPainter()
 .text._ZN8touchgfx23CWRVectorRendererRGB56520getColorPainterColorEv
                0x08001c1a        0x4 TouchGFX/build/STM32F429IDISCO/TouchGFX/target/generated/TouchGFXGeneratedHAL.o
                0x08001c1a                touchgfx::CWRVectorRendererRGB565::getColorPainterColor()
 .text._ZN8touchgfx23CWRVectorRendererRGB56515getColorPainterEv
                0x08001c1e        0x4 TouchGFX/build/STM32F429IDISCO/TouchGFX/target/generated/TouchGFXGeneratedHAL.o
                0x08001c1e                touchgfx::CWRVectorRendererRGB565::getColorPainter()
 *fill*         0x08001c22        0x2 
 .text._ZN20TouchGFXGeneratedHAL19configureInterruptsEv
                0x08001c24       0x14 TouchGFX/build/STM32F429IDISCO/TouchGFX/target/generated/TouchGFXGeneratedHAL.o
                0x08001c24                TouchGFXGeneratedHAL::configureInterrupts()
 .text._ZN20TouchGFXGeneratedHAL28enableLCDControllerInterruptEv
                0x08001c38       0x34 TouchGFX/build/STM32F429IDISCO/TouchGFX/target/generated/TouchGFXGeneratedHAL.o
                0x08001c38                TouchGFXGeneratedHAL::enableLCDControllerInterrupt()
 .text._ZNK20TouchGFXGeneratedHAL17getTFTFrameBufferEv
                0x08001c6c        0xc TouchGFX/build/STM32F429IDISCO/TouchGFX/target/generated/TouchGFXGeneratedHAL.o
                0x08001c6c                TouchGFXGeneratedHAL::getTFTFrameBuffer() const
 .text._ZN20TouchGFXGeneratedHAL17setTFTFrameBufferEPt
                0x08001c78       0x10 TouchGFX/build/STM32F429IDISCO/TouchGFX/target/generated/TouchGFXGeneratedHAL.o
                0x08001c78                TouchGFXGeneratedHAL::setTFTFrameBuffer(unsigned short*)
 .text._ZN8touchgfx23CWRVectorRendererRGB565D2Ev
                0x08001c88        0x2 TouchGFX/build/STM32F429IDISCO/TouchGFX/target/generated/TouchGFXGeneratedHAL.o
                0x08001c88                touchgfx::CWRVectorRendererRGB565::~CWRVectorRendererRGB565()
                0x08001c88                touchgfx::CWRVectorRendererRGB565::~CWRVectorRendererRGB565()
 .text._ZN8touchgfx17CWRVectorRenderer17CanvasWidgetProxyD2Ev
                0x08001c8a        0x2 TouchGFX/build/STM32F429IDISCO/TouchGFX/target/generated/TouchGFXGeneratedHAL.o
                0x08001c8a                touchgfx::CWRVectorRenderer::CanvasWidgetProxy::~CanvasWidgetProxy()
                0x08001c8a                touchgfx::CWRVectorRenderer::CanvasWidgetProxy::~CanvasWidgetProxy()
 .text._ZN8touchgfx17CWRVectorRenderer17CanvasWidgetProxyD0Ev
                0x08001c8c        0xe TouchGFX/build/STM32F429IDISCO/TouchGFX/target/generated/TouchGFXGeneratedHAL.o
                0x08001c8c                touchgfx::CWRVectorRenderer::CanvasWidgetProxy::~CanvasWidgetProxy()
 .text._ZN8touchgfx23CWRVectorRendererRGB565D0Ev
                0x08001c9a        0xe TouchGFX/build/STM32F429IDISCO/TouchGFX/target/generated/TouchGFXGeneratedHAL.o
                0x08001c9a                touchgfx::CWRVectorRendererRGB565::~CWRVectorRendererRGB565()
 .text._ZN8touchgfx3HAL28setFrameBufferStartAddressesEPvS1_S1_
                0x08001ca8       0x40 TouchGFX/build/STM32F429IDISCO/TouchGFX/target/generated/TouchGFXGeneratedHAL.o
                0x08001ca8                touchgfx::HAL::setFrameBufferStartAddresses(void*, void*, void*)
 .text._ZN8touchgfx3HAL18setFrameBufferSizeEtt
                0x08001ce8       0x44 TouchGFX/build/STM32F429IDISCO/TouchGFX/target/generated/TouchGFXGeneratedHAL.o
                0x08001ce8                touchgfx::HAL::setFrameBufferSize(unsigned short, unsigned short)
 .text._ZN20TouchGFXGeneratedHAL10initializeEv
                0x08001d2c       0x34 TouchGFX/build/STM32F429IDISCO/TouchGFX/target/generated/TouchGFXGeneratedHAL.o
                0x08001d2c                TouchGFXGeneratedHAL::initialize()
 .text._ZN20TouchGFXGeneratedHAL10beginFrameEv
                0x08001d60        0x4 TouchGFX/build/STM32F429IDISCO/TouchGFX/target/generated/TouchGFXGeneratedHAL.o
                0x08001d60                TouchGFXGeneratedHAL::beginFrame()
 .text._ZN20TouchGFXGeneratedHAL8endFrameEv
                0x08001d64        0x4 TouchGFX/build/STM32F429IDISCO/TouchGFX/target/generated/TouchGFXGeneratedHAL.o
                0x08001d64                TouchGFXGeneratedHAL::endFrame()
 .text._ZN20TouchGFXGeneratedHAL16flushFrameBufferERKN8touchgfx4RectE
                0x08001d68        0x4 TouchGFX/build/STM32F429IDISCO/TouchGFX/target/generated/TouchGFXGeneratedHAL.o
                0x08001d68                TouchGFXGeneratedHAL::flushFrameBuffer(touchgfx::Rect const&)
 .text._ZN20TouchGFXGeneratedHAL9blockCopyEPvPKvm
                0x08001d6c        0x4 TouchGFX/build/STM32F429IDISCO/TouchGFX/target/generated/TouchGFXGeneratedHAL.o
                0x08001d6c                TouchGFXGeneratedHAL::blockCopy(void*, void const*, unsigned long)
 .text._ZN8touchgfx3HAL15backPorchExitedEv
                0x08001d70       0x16 TouchGFX/build/STM32F429IDISCO/TouchGFX/target/generated/TouchGFXGeneratedHAL.o
                0x08001d70                touchgfx::HAL::backPorchExited()
 .text._ZN8touchgfx3HAL11getBlitCapsEv
                0x08001d86       0x12 TouchGFX/build/STM32F429IDISCO/TouchGFX/target/generated/TouchGFXGeneratedHAL.o
                0x08001d86                touchgfx::HAL::getBlitCaps()
 .text._ZN8touchgfx3HAL31performDisplayOrientationChangeEv
                0x08001d98       0x48 TouchGFX/build/STM32F429IDISCO/TouchGFX/target/generated/TouchGFXGeneratedHAL.o
                0x08001d98                touchgfx::HAL::performDisplayOrientationChange()
 .text._ZN20TouchGFXGeneratedHAL16enableInterruptsEv
                0x08001de0       0x14 TouchGFX/build/STM32F429IDISCO/TouchGFX/target/generated/TouchGFXGeneratedHAL.o
                0x08001de0                TouchGFXGeneratedHAL::enableInterrupts()
 .text._ZN20TouchGFXGeneratedHAL17disableInterruptsEv
                0x08001df4       0x28 TouchGFX/build/STM32F429IDISCO/TouchGFX/target/generated/TouchGFXGeneratedHAL.o
                0x08001df4                TouchGFXGeneratedHAL::disableInterrupts()
 .text._ZN8touchgfx21AbstractPainterRGB565C2Ev
                0x08001e1c       0x60 TouchGFX/build/STM32F429IDISCO/TouchGFX/target/generated/TouchGFXGeneratedHAL.o
                0x08001e1c                touchgfx::AbstractPainterRGB565::AbstractPainterRGB565()
                0x08001e1c                touchgfx::AbstractPainterRGB565::AbstractPainterRGB565()
 .text._ZN8touchgfx14VectorRenderer11getInstanceEv
                0x08001e7c       0xc8 TouchGFX/build/STM32F429IDISCO/TouchGFX/target/generated/TouchGFXGeneratedHAL.o
                0x08001e7c                touchgfx::VectorRenderer::getInstance()
 .text.HAL_LTDC_LineEventCallback
                0x08001f44       0x74 TouchGFX/build/STM32F429IDISCO/TouchGFX/target/generated/TouchGFXGeneratedHAL.o
                0x08001f44                HAL_LTDC_LineEventCallback
 .text._ZN8touchgfx13DMA_Interface5flushEv
                0x08001fb8        0x6 TouchGFX/build/STM32F429IDISCO/TouchGFX/target/generated/STM32DMA.o
                0x08001fb8                touchgfx::DMA_Interface::flush()
 .text._ZN8STM32DMA10getDMATypeEv
                0x08001fbe        0x4 TouchGFX/build/STM32F429IDISCO/TouchGFX/target/generated/STM32DMA.o
                0x08001fbe                STM32DMA::getDMAType()
 .text._ZN8STM32DMA18signalDMAInterruptEv
                0x08001fc2        0x6 TouchGFX/build/STM32F429IDISCO/TouchGFX/target/generated/STM32DMA.o
                0x08001fc2                STM32DMA::signalDMAInterrupt()
 .text.DMA2D_XferErrorCallback
                0x08001fc8        0x2 TouchGFX/build/STM32F429IDISCO/TouchGFX/target/generated/STM32DMA.o
 *fill*         0x08001fca        0x2 
 .text._ZN8STM32DMA10initializeEv
                0x08001fcc       0x54 TouchGFX/build/STM32F429IDISCO/TouchGFX/target/generated/STM32DMA.o
                0x08001fcc                STM32DMA::initialize()
 .text._ZN8STM32DMA11getBlitCapsEv
                0x08002020        0x6 TouchGFX/build/STM32F429IDISCO/TouchGFX/target/generated/STM32DMA.o
                0x08002020                STM32DMA::getBlitCaps()
 *fill*         0x08002026        0x2 
 .text.DMA2D_XferCpltCallback
                0x08002028       0x10 TouchGFX/build/STM32F429IDISCO/TouchGFX/target/generated/STM32DMA.o
 .text._ZN8STM32DMA22getChromARTInputFormatEN8touchgfx6Bitmap12BitmapFormatE.isra.1
                0x08002038       0x40 TouchGFX/build/STM32F429IDISCO/TouchGFX/target/generated/STM32DMA.o
 .text._ZN8STM32DMA23getChromARTOutputFormatEN8touchgfx6Bitmap12BitmapFormatE.isra.3
                0x08002078       0x3c TouchGFX/build/STM32F429IDISCO/TouchGFX/target/generated/STM32DMA.o
 .text._ZN8STM32DMA13setupDataCopyERKN8touchgfx6BlitOpE
                0x080020b4      0x168 TouchGFX/build/STM32F429IDISCO/TouchGFX/target/generated/STM32DMA.o
                0x080020b4                STM32DMA::setupDataCopy(touchgfx::BlitOp const&)
 .text._ZN8STM32DMA13setupDataFillERKN8touchgfx6BlitOpE
                0x0800221c       0x8c TouchGFX/build/STM32F429IDISCO/TouchGFX/target/generated/STM32DMA.o
                0x0800221c                STM32DMA::setupDataFill(touchgfx::BlitOp const&)
 .text._ZN8STM32DMAD2Ev
                0x080022a8       0x20 TouchGFX/build/STM32F429IDISCO/TouchGFX/target/generated/STM32DMA.o
                0x080022a8                STM32DMA::~STM32DMA()
                0x080022a8                STM32DMA::~STM32DMA()
 .text._ZN8STM32DMAD0Ev
                0x080022c8       0x16 TouchGFX/build/STM32F429IDISCO/TouchGFX/target/generated/STM32DMA.o
                0x080022c8                STM32DMA::~STM32DMA()
 *fill*         0x080022de        0x2 
 .text._ZN8STM32DMAC2Ev
                0x080022e0       0x34 TouchGFX/build/STM32F429IDISCO/TouchGFX/target/generated/STM32DMA.o
                0x080022e0                STM32DMA::STM32DMA()
                0x080022e0                STM32DMA::STM32DMA()
 .text._ZN8touchgfx5paint8tearDownEv
                0x08002314       0x14 TouchGFX/build/STM32F429IDISCO/TouchGFX/target/generated/STM32DMA.o
                0x08002314                touchgfx::paint::tearDown()
 .text._ZN8touchgfx5paint9flushLineEPmi
                0x08002328        0x2 TouchGFX/build/STM32F429IDISCO/TouchGFX/target/generated/STM32DMA.o
                0x08002328                touchgfx::paint::flushLine(unsigned long*, int)
 *fill*         0x0800232a        0x2 
 .text._ZN8touchgfx5paint6rgb56513lineFromColorEPtjmhm
                0x0800232c       0x50 TouchGFX/build/STM32F429IDISCO/TouchGFX/target/generated/STM32DMA.o
                0x0800232c                touchgfx::paint::rgb565::lineFromColor(unsigned short*, unsigned int, unsigned long, unsigned char, unsigned long)
 .text._ZN8touchgfx5paint6rgb56514lineFromRGB565EPtPKtjh
                0x0800237c       0x48 TouchGFX/build/STM32F429IDISCO/TouchGFX/target/generated/STM32DMA.o
                0x0800237c                touchgfx::paint::rgb565::lineFromRGB565(unsigned short*, unsigned short const*, unsigned int, unsigned char)
 .text._ZN8touchgfx5paint6rgb56516lineFromARGB8888EPtPKmjh
                0x080023c4       0x38 TouchGFX/build/STM32F429IDISCO/TouchGFX/target/generated/STM32DMA.o
                0x080023c4                touchgfx::paint::rgb565::lineFromARGB8888(unsigned short*, unsigned long const*, unsigned int, unsigned char)
 .text._ZN8touchgfx10OSWrappers10initializeEv
                0x080023fc       0x50 TouchGFX/build/STM32F429IDISCO/TouchGFX/target/generated/OSWrappers.o
                0x080023fc                touchgfx::OSWrappers::initialize()
 .text._ZN8touchgfx10OSWrappers24takeFrameBufferSemaphoreEv
                0x0800244c       0x10 TouchGFX/build/STM32F429IDISCO/TouchGFX/target/generated/OSWrappers.o
                0x0800244c                touchgfx::OSWrappers::takeFrameBufferSemaphore()
 .text._ZN8touchgfx10OSWrappers24giveFrameBufferSemaphoreEv
                0x0800245c        0xc TouchGFX/build/STM32F429IDISCO/TouchGFX/target/generated/OSWrappers.o
                0x0800245c                touchgfx::OSWrappers::giveFrameBufferSemaphore()
 .text._ZN8touchgfx10OSWrappers27tryTakeFrameBufferSemaphoreEv
                0x08002468       0x10 TouchGFX/build/STM32F429IDISCO/TouchGFX/target/generated/OSWrappers.o
                0x08002468                touchgfx::OSWrappers::tryTakeFrameBufferSemaphore()
 .text._ZN8touchgfx10OSWrappers31giveFrameBufferSemaphoreFromISREv
                0x08002478        0x4 TouchGFX/build/STM32F429IDISCO/TouchGFX/target/generated/OSWrappers.o
                0x08002478                touchgfx::OSWrappers::giveFrameBufferSemaphoreFromISR()
 .text._ZN8touchgfx10OSWrappers11signalVSyncEv
                0x0800247c       0x18 TouchGFX/build/STM32F429IDISCO/TouchGFX/target/generated/OSWrappers.o
                0x0800247c                touchgfx::OSWrappers::signalVSync()
 .text._ZN8touchgfx10OSWrappers12waitForVSyncEv
                0x08002494       0x28 TouchGFX/build/STM32F429IDISCO/TouchGFX/target/generated/OSWrappers.o
                0x08002494                touchgfx::OSWrappers::waitForVSync()
 .text._ZN20STM32TouchControllerD2Ev
                0x080024bc        0x2 TouchGFX/build/STM32F429IDISCO/TouchGFX/target/generated/TouchGFXConfiguration.o
                0x080024bc                STM32TouchController::~STM32TouchController()
                0x080024bc                STM32TouchController::~STM32TouchController()
 .text._ZN8touchgfx8LCD16bppD2Ev
                0x080024be        0x2 TouchGFX/build/STM32F429IDISCO/TouchGFX/target/generated/TouchGFXConfiguration.o
                0x080024be                touchgfx::LCD16bpp::~LCD16bpp()
                0x080024be                touchgfx::LCD16bpp::~LCD16bpp()
 .text._ZN8touchgfx22VectorFontRendererImplD2Ev
                0x080024c0        0x2 TouchGFX/build/STM32F429IDISCO/TouchGFX/target/generated/TouchGFXConfiguration.o
                0x080024c0                touchgfx::VectorFontRendererImpl::~VectorFontRendererImpl()
                0x080024c0                touchgfx::VectorFontRendererImpl::~VectorFontRendererImpl()
 .text._ZN11TouchGFXHALD2Ev
                0x080024c2        0x2 TouchGFX/build/STM32F429IDISCO/TouchGFX/target/generated/TouchGFXConfiguration.o
                0x080024c2                TouchGFXHAL::~TouchGFXHAL()
                0x080024c2                TouchGFXHAL::~TouchGFXHAL()
 .text._ZNK8touchgfx9PartitionINS_4meta8TypeListINS_12NoTransitionENS2_INS1_3NilES4_EEEELt1EE8capacityEv
                0x080024c4        0x4 TouchGFX/build/STM32F429IDISCO/TouchGFX/target/generated/TouchGFXConfiguration.o
                0x080024c4                touchgfx::Partition<touchgfx::meta::TypeList<touchgfx::NoTransition, touchgfx::meta::TypeList<touchgfx::meta::Nil, touchgfx::meta::Nil> >, (unsigned short)1>::capacity() const
 .text._ZN8touchgfx9PartitionINS_4meta8TypeListINS_12NoTransitionENS2_INS1_3NilES4_EEEELt1EE12element_sizeEv
                0x080024c8        0x4 TouchGFX/build/STM32F429IDISCO/TouchGFX/target/generated/TouchGFXConfiguration.o
                0x080024c8                touchgfx::Partition<touchgfx::meta::TypeList<touchgfx::NoTransition, touchgfx::meta::TypeList<touchgfx::meta::Nil, touchgfx::meta::Nil> >, (unsigned short)1>::element_size()
 .text._ZN8touchgfx9PartitionINS_4meta8TypeListINS_12NoTransitionENS2_INS1_3NilES4_EEEELt1EE7elementEt
                0x080024cc        0xa TouchGFX/build/STM32F429IDISCO/TouchGFX/target/generated/TouchGFXConfiguration.o
                0x080024cc                touchgfx::Partition<touchgfx::meta::TypeList<touchgfx::NoTransition, touchgfx::meta::TypeList<touchgfx::meta::Nil, touchgfx::meta::Nil> >, (unsigned short)1>::element(unsigned short)
 .text._ZNK8touchgfx9PartitionINS_4meta8TypeListINS_12NoTransitionENS2_INS1_3NilES4_EEEELt1EE7elementEt
                0x080024d6        0xa TouchGFX/build/STM32F429IDISCO/TouchGFX/target/generated/TouchGFXConfiguration.o
                0x080024d6                touchgfx::Partition<touchgfx::meta::TypeList<touchgfx::NoTransition, touchgfx::meta::TypeList<touchgfx::meta::Nil, touchgfx::meta::Nil> >, (unsigned short)1>::element(unsigned short) const
 .text._ZNK8touchgfx9PartitionINS_4meta8TypeListI11Screen1ViewNS2_INS1_3NilES4_EEEELt1EE8capacityEv
                0x080024e0        0x4 TouchGFX/build/STM32F429IDISCO/TouchGFX/target/generated/TouchGFXConfiguration.o
                0x080024e0                touchgfx::Partition<touchgfx::meta::TypeList<Screen1View, touchgfx::meta::TypeList<touchgfx::meta::Nil, touchgfx::meta::Nil> >, (unsigned short)1>::capacity() const
 .text._ZN8touchgfx9PartitionINS_4meta8TypeListI11Screen1ViewNS2_INS1_3NilES4_EEEELt1EE12element_sizeEv
                0x080024e4        0x6 TouchGFX/build/STM32F429IDISCO/TouchGFX/target/generated/TouchGFXConfiguration.o
                0x080024e4                touchgfx::Partition<touchgfx::meta::TypeList<Screen1View, touchgfx::meta::TypeList<touchgfx::meta::Nil, touchgfx::meta::Nil> >, (unsigned short)1>::element_size()
 .text._ZN8touchgfx9PartitionINS_4meta8TypeListI11Screen1ViewNS2_INS1_3NilES4_EEEELt1EE7elementEt
                0x080024ea        0xc TouchGFX/build/STM32F429IDISCO/TouchGFX/target/generated/TouchGFXConfiguration.o
                0x080024ea                touchgfx::Partition<touchgfx::meta::TypeList<Screen1View, touchgfx::meta::TypeList<touchgfx::meta::Nil, touchgfx::meta::Nil> >, (unsigned short)1>::element(unsigned short)
 .text._ZNK8touchgfx9PartitionINS_4meta8TypeListI11Screen1ViewNS2_INS1_3NilES4_EEEELt1EE7elementEt
                0x080024f6        0xc TouchGFX/build/STM32F429IDISCO/TouchGFX/target/generated/TouchGFXConfiguration.o
                0x080024f6                touchgfx::Partition<touchgfx::meta::TypeList<Screen1View, touchgfx::meta::TypeList<touchgfx::meta::Nil, touchgfx::meta::Nil> >, (unsigned short)1>::element(unsigned short) const
 .text._ZNK8touchgfx9PartitionINS_4meta8TypeListI16Screen1PresenterNS2_INS1_3NilES4_EEEELt1EE8capacityEv
                0x08002502        0x4 TouchGFX/build/STM32F429IDISCO/TouchGFX/target/generated/TouchGFXConfiguration.o
                0x08002502                touchgfx::Partition<touchgfx::meta::TypeList<Screen1Presenter, touchgfx::meta::TypeList<touchgfx::meta::Nil, touchgfx::meta::Nil> >, (unsigned short)1>::capacity() const
 .text._ZN8touchgfx9PartitionINS_4meta8TypeListI16Screen1PresenterNS2_INS1_3NilES4_EEEELt1EE12element_sizeEv
                0x08002506        0x4 TouchGFX/build/STM32F429IDISCO/TouchGFX/target/generated/TouchGFXConfiguration.o
                0x08002506                touchgfx::Partition<touchgfx::meta::TypeList<Screen1Presenter, touchgfx::meta::TypeList<touchgfx::meta::Nil, touchgfx::meta::Nil> >, (unsigned short)1>::element_size()
 .text._ZN8touchgfx9PartitionINS_4meta8TypeListI16Screen1PresenterNS2_INS1_3NilES4_EEEELt1EE7elementEt
                0x0800250a        0x8 TouchGFX/build/STM32F429IDISCO/TouchGFX/target/generated/TouchGFXConfiguration.o
                0x0800250a                touchgfx::Partition<touchgfx::meta::TypeList<Screen1Presenter, touchgfx::meta::TypeList<touchgfx::meta::Nil, touchgfx::meta::Nil> >, (unsigned short)1>::element(unsigned short)
 .text._ZNK8touchgfx9PartitionINS_4meta8TypeListI16Screen1PresenterNS2_INS1_3NilES4_EEEELt1EE7elementEt
                0x08002512        0x8 TouchGFX/build/STM32F429IDISCO/TouchGFX/target/generated/TouchGFXConfiguration.o
                0x08002512                touchgfx::Partition<touchgfx::meta::TypeList<Screen1Presenter, touchgfx::meta::TypeList<touchgfx::meta::Nil, touchgfx::meta::Nil> >, (unsigned short)1>::element(unsigned short) const
 .text._ZN16FrontendHeapBase15gotoStartScreenER19FrontendApplication
                0x0800251a        0x6 TouchGFX/build/STM32F429IDISCO/TouchGFX/target/generated/TouchGFXConfiguration.o
                0x0800251a                FrontendHeapBase::gotoStartScreen(FrontendApplication&)
 .text._ZN8touchgfx9PartitionINS_4meta8TypeListINS_12NoTransitionENS2_INS1_3NilES4_EEEELt1EED2Ev
                0x08002520       0x14 TouchGFX/build/STM32F429IDISCO/TouchGFX/target/generated/TouchGFXConfiguration.o
                0x08002520                touchgfx::Partition<touchgfx::meta::TypeList<touchgfx::NoTransition, touchgfx::meta::TypeList<touchgfx::meta::Nil, touchgfx::meta::Nil> >, (unsigned short)1>::~Partition()
                0x08002520                touchgfx::Partition<touchgfx::meta::TypeList<touchgfx::NoTransition, touchgfx::meta::TypeList<touchgfx::meta::Nil, touchgfx::meta::Nil> >, (unsigned short)1>::~Partition()
 .text._ZN8touchgfx9PartitionINS_4meta8TypeListINS_12NoTransitionENS2_INS1_3NilES4_EEEELt1EED0Ev
                0x08002534       0x14 TouchGFX/build/STM32F429IDISCO/TouchGFX/target/generated/TouchGFXConfiguration.o
                0x08002534                touchgfx::Partition<touchgfx::meta::TypeList<touchgfx::NoTransition, touchgfx::meta::TypeList<touchgfx::meta::Nil, touchgfx::meta::Nil> >, (unsigned short)1>::~Partition()
 .text._ZN8touchgfx9PartitionINS_4meta8TypeListI11Screen1ViewNS2_INS1_3NilES4_EEEELt1EED2Ev
                0x08002548       0x14 TouchGFX/build/STM32F429IDISCO/TouchGFX/target/generated/TouchGFXConfiguration.o
                0x08002548                touchgfx::Partition<touchgfx::meta::TypeList<Screen1View, touchgfx::meta::TypeList<touchgfx::meta::Nil, touchgfx::meta::Nil> >, (unsigned short)1>::~Partition()
                0x08002548                touchgfx::Partition<touchgfx::meta::TypeList<Screen1View, touchgfx::meta::TypeList<touchgfx::meta::Nil, touchgfx::meta::Nil> >, (unsigned short)1>::~Partition()
 .text._ZN8touchgfx9PartitionINS_4meta8TypeListI11Screen1ViewNS2_INS1_3NilES4_EEEELt1EED0Ev
                0x0800255c       0x16 TouchGFX/build/STM32F429IDISCO/TouchGFX/target/generated/TouchGFXConfiguration.o
                0x0800255c                touchgfx::Partition<touchgfx::meta::TypeList<Screen1View, touchgfx::meta::TypeList<touchgfx::meta::Nil, touchgfx::meta::Nil> >, (unsigned short)1>::~Partition()
 *fill*         0x08002572        0x2 
 .text._ZN8touchgfx9PartitionINS_4meta8TypeListI16Screen1PresenterNS2_INS1_3NilES4_EEEELt1EED2Ev
                0x08002574       0x14 TouchGFX/build/STM32F429IDISCO/TouchGFX/target/generated/TouchGFXConfiguration.o
                0x08002574                touchgfx::Partition<touchgfx::meta::TypeList<Screen1Presenter, touchgfx::meta::TypeList<touchgfx::meta::Nil, touchgfx::meta::Nil> >, (unsigned short)1>::~Partition()
                0x08002574                touchgfx::Partition<touchgfx::meta::TypeList<Screen1Presenter, touchgfx::meta::TypeList<touchgfx::meta::Nil, touchgfx::meta::Nil> >, (unsigned short)1>::~Partition()
 .text._ZN8touchgfx9PartitionINS_4meta8TypeListI16Screen1PresenterNS2_INS1_3NilES4_EEEELt1EED0Ev
                0x08002588       0x14 TouchGFX/build/STM32F429IDISCO/TouchGFX/target/generated/TouchGFXConfiguration.o
                0x08002588                touchgfx::Partition<touchgfx::meta::TypeList<Screen1Presenter, touchgfx::meta::TypeList<touchgfx::meta::Nil, touchgfx::meta::Nil> >, (unsigned short)1>::~Partition()
 .text._ZN12FrontendHeapD2Ev
                0x0800259c       0x28 TouchGFX/build/STM32F429IDISCO/TouchGFX/target/generated/TouchGFXConfiguration.o
                0x0800259c                FrontendHeap::~FrontendHeap()
                0x0800259c                FrontendHeap::~FrontendHeap()
 .text._ZN12FrontendHeapD0Ev
                0x080025c4       0x16 TouchGFX/build/STM32F429IDISCO/TouchGFX/target/generated/TouchGFXConfiguration.o
                0x080025c4                FrontendHeap::~FrontendHeap()
 *fill*         0x080025da        0x2 
 .text.touchgfx_init
                0x080025dc       0xf8 TouchGFX/build/STM32F429IDISCO/TouchGFX/target/generated/TouchGFXConfiguration.o
                0x080025dc                touchgfx_init
 .text.touchgfx_components_init
                0x080026d4        0x2 TouchGFX/build/STM32F429IDISCO/TouchGFX/target/generated/TouchGFXConfiguration.o
                0x080026d4                touchgfx_components_init
 *fill*         0x080026d6        0x2 
 .text.touchgfx_taskEntry
                0x080026d8        0xc TouchGFX/build/STM32F429IDISCO/TouchGFX/target/generated/TouchGFXConfiguration.o
                0x080026d8                touchgfx_taskEntry
 .text._ZN20STM32TouchControllerD0Ev
                0x080026e4        0xe TouchGFX/build/STM32F429IDISCO/TouchGFX/target/generated/TouchGFXConfiguration.o
                0x080026e4                STM32TouchController::~STM32TouchController()
 .text._ZN8touchgfx8LCD16bppD0Ev
                0x080026f2        0xe TouchGFX/build/STM32F429IDISCO/TouchGFX/target/generated/TouchGFXConfiguration.o
                0x080026f2                touchgfx::LCD16bpp::~LCD16bpp()
 .text._ZN8touchgfx22VectorFontRendererImplD0Ev
                0x08002700        0xe TouchGFX/build/STM32F429IDISCO/TouchGFX/target/generated/TouchGFXConfiguration.o
                0x08002700                touchgfx::VectorFontRendererImpl::~VectorFontRendererImpl()
 .text._ZN11TouchGFXHALD0Ev
                0x0800270e        0xe TouchGFX/build/STM32F429IDISCO/TouchGFX/target/generated/TouchGFXConfiguration.o
                0x0800270e                TouchGFXHAL::~TouchGFXHAL()
 .text.startup._GLOBAL__sub_I_touchgfx_init
                0x0800271c      0x174 TouchGFX/build/STM32F429IDISCO/TouchGFX/target/generated/TouchGFXConfiguration.o
 .text._ZN11TouchGFXHAL10initializeEv
                0x08002890       0x1c TouchGFX/build/STM32F429IDISCO/TouchGFX/target/TouchGFXHAL.o
                0x08002890                TouchGFXHAL::initialize()
 .text._ZN11TouchGFXHAL9taskEntryEv
                0x080028ac       0x34 TouchGFX/build/STM32F429IDISCO/TouchGFX/target/TouchGFXHAL.o
                0x080028ac                TouchGFXHAL::taskEntry()
 .text._ZNK11TouchGFXHAL17getTFTFrameBufferEv
                0x080028e0        0x4 TouchGFX/build/STM32F429IDISCO/TouchGFX/target/TouchGFXHAL.o
                0x080028e0                TouchGFXHAL::getTFTFrameBuffer() const
 .text._ZN11TouchGFXHAL17setTFTFrameBufferEPt
                0x080028e4        0x4 TouchGFX/build/STM32F429IDISCO/TouchGFX/target/TouchGFXHAL.o
                0x080028e4                TouchGFXHAL::setTFTFrameBuffer(unsigned short*)
 .text._ZN11TouchGFXHAL16flushFrameBufferERKN8touchgfx4RectE
                0x080028e8        0x4 TouchGFX/build/STM32F429IDISCO/TouchGFX/target/TouchGFXHAL.o
                0x080028e8                TouchGFXHAL::flushFrameBuffer(touchgfx::Rect const&)
 .text._ZN11TouchGFXHAL19configureInterruptsEv
                0x080028ec        0x4 TouchGFX/build/STM32F429IDISCO/TouchGFX/target/TouchGFXHAL.o
                0x080028ec                TouchGFXHAL::configureInterrupts()
 .text._ZN11TouchGFXHAL16enableInterruptsEv
                0x080028f0        0x4 TouchGFX/build/STM32F429IDISCO/TouchGFX/target/TouchGFXHAL.o
                0x080028f0                TouchGFXHAL::enableInterrupts()
 .text._ZN11TouchGFXHAL17disableInterruptsEv
                0x080028f4        0x4 TouchGFX/build/STM32F429IDISCO/TouchGFX/target/TouchGFXHAL.o
                0x080028f4                TouchGFXHAL::disableInterrupts()
 .text._ZN11TouchGFXHAL28enableLCDControllerInterruptEv
                0x080028f8        0x4 TouchGFX/build/STM32F429IDISCO/TouchGFX/target/TouchGFXHAL.o
                0x080028f8                TouchGFXHAL::enableLCDControllerInterrupt()
 .text._ZN11TouchGFXHAL16flushFrameBufferEv
                0x080028fc        0x4 TouchGFX/build/STM32F429IDISCO/TouchGFX/target/TouchGFXHAL.o
                0x080028fc                TouchGFXHAL::flushFrameBuffer()
 .text._ZN8touchgfx4GPIO3setENS0_7GPIO_IDE
                0x08002900       0x54 TouchGFX/build/STM32F429IDISCO/TouchGFX/target/TouchGFXGPIO.o
                0x08002900                touchgfx::GPIO::set(touchgfx::GPIO::GPIO_ID)
 .text._ZN8touchgfx4GPIO5clearENS0_7GPIO_IDE
                0x08002954       0x54 TouchGFX/build/STM32F429IDISCO/TouchGFX/target/TouchGFXGPIO.o
                0x08002954                touchgfx::GPIO::clear(touchgfx::GPIO::GPIO_ID)
 .text._ZN8touchgfx4GPIO6toggleENS0_7GPIO_IDE
                0x080029a8       0x28 TouchGFX/build/STM32F429IDISCO/TouchGFX/target/TouchGFXGPIO.o
                0x080029a8                touchgfx::GPIO::toggle(touchgfx::GPIO::GPIO_ID)
 .text._ZN8touchgfx4GPIO3getENS0_7GPIO_IDE
                0x080029d0       0x34 TouchGFX/build/STM32F429IDISCO/TouchGFX/target/TouchGFXGPIO.o
                0x080029d0                touchgfx::GPIO::get(touchgfx::GPIO::GPIO_ID)
 .text._ZN8touchgfx4GPIO4initEv
                0x08002a04       0x28 TouchGFX/build/STM32F429IDISCO/TouchGFX/target/TouchGFXGPIO.o
                0x08002a04                touchgfx::GPIO::init()
 .text._Z11BSP_TS_Inittt
                0x08002a2c       0x44 TouchGFX/build/STM32F429IDISCO/TouchGFX/target/STM32TouchController.o
                0x08002a2c                BSP_TS_Init(unsigned short, unsigned short)
 .text._ZN20STM32TouchController4initEv
                0x08002a70        0xa TouchGFX/build/STM32F429IDISCO/TouchGFX/target/STM32TouchController.o
                0x08002a70                STM32TouchController::init()
 *fill*         0x08002a7a        0x2 
 .text._Z15BSP_TS_GetStateP15TS_StateTypeDef
                0x08002a7c      0x100 TouchGFX/build/STM32F429IDISCO/TouchGFX/target/STM32TouchController.o
                0x08002a7c                BSP_TS_GetState(TS_StateTypeDef*)
 .text._ZN20STM32TouchController11sampleTouchERlS0_
                0x08002b7c       0x24 TouchGFX/build/STM32F429IDISCO/TouchGFX/target/STM32TouchController.o
                0x08002b7c                STM32TouchController::sampleTouch(long&, long&)
 .text.SystemInit
                0x08002ba0       0x1c TouchGFX/build/STM32F429IDISCO/Core/Src/system_stm32f4xx.o
                0x08002ba0                SystemInit
 .text.HAL_InitTick
                0x08002bbc       0xa0 TouchGFX/build/STM32F429IDISCO/Core/Src/stm32f4xx_hal_timebase_tim.o
                0x08002bbc                HAL_InitTick
 .text.SPI5_Write
                0x08002c5c       0x24 TouchGFX/build/STM32F429IDISCO/Core/Src/main.o
 .text.StartDefaultTask
                0x08002c80        0xa TouchGFX/build/STM32F429IDISCO/Core/Src/main.o
                0x08002c80                StartDefaultTask
 *fill*         0x08002c8a        0x2 
 .text.SystemClock_Config
                0x08002c8c       0x9c TouchGFX/build/STM32F429IDISCO/Core/Src/main.o
                0x08002c8c                SystemClock_Config
 .text.startup.main
                0x08002d28      0x3f0 TouchGFX/build/STM32F429IDISCO/Core/Src/main.o
                0x08002d28                main
 .text.IOE_Init
                0x08003118        0x2 TouchGFX/build/STM32F429IDISCO/Core/Src/main.o
                0x08003118                IOE_Init
 .text.IOE_ITConfig
                0x0800311a        0x2 TouchGFX/build/STM32F429IDISCO/Core/Src/main.o
                0x0800311a                IOE_ITConfig
 .text.IOE_Write
                0x0800311c       0x2c TouchGFX/build/STM32F429IDISCO/Core/Src/main.o
                0x0800311c                IOE_Write
 .text.IOE_Read
                0x08003148       0x34 TouchGFX/build/STM32F429IDISCO/Core/Src/main.o
                0x08003148                IOE_Read
 .text.IOE_ReadMultiple
                0x0800317c       0x2c TouchGFX/build/STM32F429IDISCO/Core/Src/main.o
                0x0800317c                IOE_ReadMultiple
 .text.IOE_Delay
                0x080031a8        0x4 TouchGFX/build/STM32F429IDISCO/Core/Src/main.o
                0x080031a8                IOE_Delay
 .text.LCD_IO_Init
                0x080031ac       0x20 TouchGFX/build/STM32F429IDISCO/Core/Src/main.o
                0x080031ac                LCD_IO_Init
 .text.LCD_IO_WriteData
                0x080031cc       0x38 TouchGFX/build/STM32F429IDISCO/Core/Src/main.o
                0x080031cc                LCD_IO_WriteData
 .text.LCD_IO_WriteReg
                0x08003204       0x38 TouchGFX/build/STM32F429IDISCO/Core/Src/main.o
                0x08003204                LCD_IO_WriteReg
 .text.LCD_IO_ReadData
                0x0800323c       0x64 TouchGFX/build/STM32F429IDISCO/Core/Src/main.o
                0x0800323c                LCD_IO_ReadData
 .text.LCD_Delay
                0x080032a0        0x4 TouchGFX/build/STM32F429IDISCO/Core/Src/main.o
                0x080032a0                LCD_Delay
 .text.HAL_TIM_PeriodElapsedCallback
                0x080032a4       0x14 TouchGFX/build/STM32F429IDISCO/Core/Src/main.o
                0x080032a4                HAL_TIM_PeriodElapsedCallback
 .text.Error_Handler
                0x080032b8        0x2 TouchGFX/build/STM32F429IDISCO/Core/Src/main.o
                0x080032b8                Error_Handler
 .text.NMI_Handler
                0x080032ba        0x2 TouchGFX/build/STM32F429IDISCO/Core/Src/stm32f4xx_it.o
                0x080032ba                NMI_Handler
 .text.HardFault_Handler
                0x080032bc        0x2 TouchGFX/build/STM32F429IDISCO/Core/Src/stm32f4xx_it.o
                0x080032bc                HardFault_Handler
 .text.MemManage_Handler
                0x080032be        0x2 TouchGFX/build/STM32F429IDISCO/Core/Src/stm32f4xx_it.o
                0x080032be                MemManage_Handler
 .text.BusFault_Handler
                0x080032c0        0x2 TouchGFX/build/STM32F429IDISCO/Core/Src/stm32f4xx_it.o
                0x080032c0                BusFault_Handler
 .text.UsageFault_Handler
                0x080032c2        0x2 TouchGFX/build/STM32F429IDISCO/Core/Src/stm32f4xx_it.o
                0x080032c2                UsageFault_Handler
 .text.DebugMon_Handler
                0x080032c4        0x2 TouchGFX/build/STM32F429IDISCO/Core/Src/stm32f4xx_it.o
                0x080032c4                DebugMon_Handler
 *fill*         0x080032c6        0x2 
 .text.TIM6_DAC_IRQHandler
                0x080032c8        0xc TouchGFX/build/STM32F429IDISCO/Core/Src/stm32f4xx_it.o
                0x080032c8                TIM6_DAC_IRQHandler
 .text.LTDC_IRQHandler
                0x080032d4        0xc TouchGFX/build/STM32F429IDISCO/Core/Src/stm32f4xx_it.o
                0x080032d4                LTDC_IRQHandler
 .text.DMA2D_IRQHandler
                0x080032e0        0xc TouchGFX/build/STM32F429IDISCO/Core/Src/stm32f4xx_it.o
                0x080032e0                DMA2D_IRQHandler
 .text.HAL_MspInit
                0x080032ec       0x40 TouchGFX/build/STM32F429IDISCO/Core/Src/stm32f4xx_hal_msp.o
                0x080032ec                HAL_MspInit
 .text.HAL_CRC_MspInit
                0x0800332c       0x30 TouchGFX/build/STM32F429IDISCO/Core/Src/stm32f4xx_hal_msp.o
                0x0800332c                HAL_CRC_MspInit
 .text.HAL_DMA2D_MspInit
                0x0800335c       0x44 TouchGFX/build/STM32F429IDISCO/Core/Src/stm32f4xx_hal_msp.o
                0x0800335c                HAL_DMA2D_MspInit
 .text.HAL_I2C_MspInit
                0x080033a0       0xb8 TouchGFX/build/STM32F429IDISCO/Core/Src/stm32f4xx_hal_msp.o
                0x080033a0                HAL_I2C_MspInit
 .text.HAL_LTDC_MspInit
                0x08003458      0x1b8 TouchGFX/build/STM32F429IDISCO/Core/Src/stm32f4xx_hal_msp.o
                0x08003458                HAL_LTDC_MspInit
 .text.HAL_SPI_MspInit
                0x08003610       0x6c TouchGFX/build/STM32F429IDISCO/Core/Src/stm32f4xx_hal_msp.o
                0x08003610                HAL_SPI_MspInit
 .text.HAL_SDRAM_MspInit
                0x0800367c       0xe0 TouchGFX/build/STM32F429IDISCO/Core/Src/stm32f4xx_hal_msp.o
                0x0800367c                HAL_SDRAM_MspInit
 .text.HAL_PWREx_EnableOverDrive
                0x0800375c       0x78 TouchGFX/build/STM32F429IDISCO/Drivers/STM32F4xx_HAL_Driver/Src/stm32f4xx_hal_pwr_ex.o
                0x0800375c                HAL_PWREx_EnableOverDrive
 .text.HAL_SDRAM_Init
                0x080037d4       0x40 TouchGFX/build/STM32F429IDISCO/Drivers/STM32F4xx_HAL_Driver/Src/stm32f4xx_hal_sdram.o
                0x080037d4                HAL_SDRAM_Init
 .text.HAL_SDRAM_SendCommand
                0x08003814       0x3c TouchGFX/build/STM32F429IDISCO/Drivers/STM32F4xx_HAL_Driver/Src/stm32f4xx_hal_sdram.o
                0x08003814                HAL_SDRAM_SendCommand
 .text.HAL_SDRAM_ProgramRefreshRate
                0x08003850       0x30 TouchGFX/build/STM32F429IDISCO/Drivers/STM32F4xx_HAL_Driver/Src/stm32f4xx_hal_sdram.o
                0x08003850                HAL_SDRAM_ProgramRefreshRate
 .text.HAL_RCC_OscConfig
                0x08003880      0x358 TouchGFX/build/STM32F429IDISCO/Drivers/STM32F4xx_HAL_Driver/Src/stm32f4xx_hal_rcc.o
                0x08003880                HAL_RCC_OscConfig
 .text.HAL_RCC_GetSysClockFreq
                0x08003bd8       0x5c TouchGFX/build/STM32F429IDISCO/Drivers/STM32F4xx_HAL_Driver/Src/stm32f4xx_hal_rcc.o
                0x08003bd8                HAL_RCC_GetSysClockFreq
 .text.HAL_RCC_ClockConfig
                0x08003c34      0x13c TouchGFX/build/STM32F429IDISCO/Drivers/STM32F4xx_HAL_Driver/Src/stm32f4xx_hal_rcc.o
                0x08003c34                HAL_RCC_ClockConfig
 .text.HAL_RCC_GetPCLK1Freq
                0x08003d70       0x20 TouchGFX/build/STM32F429IDISCO/Drivers/STM32F4xx_HAL_Driver/Src/stm32f4xx_hal_rcc.o
                0x08003d70                HAL_RCC_GetPCLK1Freq
 .text.HAL_RCC_GetClockConfig
                0x08003d90       0x3c TouchGFX/build/STM32F429IDISCO/Drivers/STM32F4xx_HAL_Driver/Src/stm32f4xx_hal_rcc.o
                0x08003d90                HAL_RCC_GetClockConfig
 .text.HAL_TIM_Base_MspInit
                0x08003dcc        0x2 TouchGFX/build/STM32F429IDISCO/Drivers/STM32F4xx_HAL_Driver/Src/stm32f4xx_hal_tim.o
                0x08003dcc                HAL_TIM_Base_MspInit
 *fill*         0x08003dce        0x2 
 .text.HAL_TIM_Base_Start_IT
                0x08003dd0       0x74 TouchGFX/build/STM32F429IDISCO/Drivers/STM32F4xx_HAL_Driver/Src/stm32f4xx_hal_tim.o
                0x08003dd0                HAL_TIM_Base_Start_IT
 .text.HAL_TIM_OC_DelayElapsedCallback
                0x08003e44        0x2 TouchGFX/build/STM32F429IDISCO/Drivers/STM32F4xx_HAL_Driver/Src/stm32f4xx_hal_tim.o
                0x08003e44                HAL_TIM_OC_DelayElapsedCallback
 .text.HAL_TIM_IC_CaptureCallback
                0x08003e46        0x2 TouchGFX/build/STM32F429IDISCO/Drivers/STM32F4xx_HAL_Driver/Src/stm32f4xx_hal_tim.o
                0x08003e46                HAL_TIM_IC_CaptureCallback
 .text.HAL_TIM_PWM_PulseFinishedCallback
                0x08003e48        0x2 TouchGFX/build/STM32F429IDISCO/Drivers/STM32F4xx_HAL_Driver/Src/stm32f4xx_hal_tim.o
                0x08003e48                HAL_TIM_PWM_PulseFinishedCallback
 .text.HAL_TIM_TriggerCallback
                0x08003e4a        0x2 TouchGFX/build/STM32F429IDISCO/Drivers/STM32F4xx_HAL_Driver/Src/stm32f4xx_hal_tim.o
                0x08003e4a                HAL_TIM_TriggerCallback
 .text.HAL_TIM_IRQHandler
                0x08003e4c      0x130 TouchGFX/build/STM32F429IDISCO/Drivers/STM32F4xx_HAL_Driver/Src/stm32f4xx_hal_tim.o
                0x08003e4c                HAL_TIM_IRQHandler
 .text.TIM_Base_SetConfig
                0x08003f7c       0xd8 TouchGFX/build/STM32F429IDISCO/Drivers/STM32F4xx_HAL_Driver/Src/stm32f4xx_hal_tim.o
                0x08003f7c                TIM_Base_SetConfig
 .text.HAL_TIM_Base_Init
                0x08004054       0x58 TouchGFX/build/STM32F429IDISCO/Drivers/STM32F4xx_HAL_Driver/Src/stm32f4xx_hal_tim.o
                0x08004054                HAL_TIM_Base_Init
 .text.I2C_IsAcknowledgeFailed
                0x080040ac       0x34 TouchGFX/build/STM32F429IDISCO/Drivers/STM32F4xx_HAL_Driver/Src/stm32f4xx_hal_i2c.o
 .text.I2C_WaitOnFlagUntilTimeout
                0x080040e0       0x7c TouchGFX/build/STM32F429IDISCO/Drivers/STM32F4xx_HAL_Driver/Src/stm32f4xx_hal_i2c.o
 .text.I2C_WaitOnMasterAddressFlagUntilTimeout
                0x0800415c       0x80 TouchGFX/build/STM32F429IDISCO/Drivers/STM32F4xx_HAL_Driver/Src/stm32f4xx_hal_i2c.o
 .text.I2C_WaitOnBTFFlagUntilTimeout
                0x080041dc       0x54 TouchGFX/build/STM32F429IDISCO/Drivers/STM32F4xx_HAL_Driver/Src/stm32f4xx_hal_i2c.o
 .text.I2C_WaitOnRXNEFlagUntilTimeout
                0x08004230       0x66 TouchGFX/build/STM32F429IDISCO/Drivers/STM32F4xx_HAL_Driver/Src/stm32f4xx_hal_i2c.o
 .text.I2C_WaitOnTXEFlagUntilTimeout
                0x08004296       0x54 TouchGFX/build/STM32F429IDISCO/Drivers/STM32F4xx_HAL_Driver/Src/stm32f4xx_hal_i2c.o
 *fill*         0x080042ea        0x2 
 .text.I2C_RequestMemoryWrite
                0x080042ec       0xac TouchGFX/build/STM32F429IDISCO/Drivers/STM32F4xx_HAL_Driver/Src/stm32f4xx_hal_i2c.o
 .text.I2C_RequestMemoryRead
                0x08004398       0xfc TouchGFX/build/STM32F429IDISCO/Drivers/STM32F4xx_HAL_Driver/Src/stm32f4xx_hal_i2c.o
 .text.HAL_I2C_Init